warning: this conditional keeps useful work inside a needless branch
  --> $DIR/semantic.rs:7:5
   |
LL | /     if !valid {
LL | |         return;
LL | |     } else {
LL | |         work();
LL | |     }
   | |_____^
   |
   = help: use the diverging branch as a guard and move the useful work into the surrounding block
note: the lint level is defined here
  --> $DIR/semantic.rs:1:9
   |
LL | #![warn(needlessly_nested_control_flow)]
   |         ^^^^^^^^^^^^^^^^^^^^^^^^^^^^^^

warning: this conditional keeps useful work inside a needless branch
  --> $DIR/semantic.rs:15:5
   |
LL | /     if valid {
LL | |         work();
LL | |     } else {
LL | |         panic!("invalid");
LL | |     }
   | |_____^
   |
   = help: use the diverging branch as a guard and move the useful work into the surrounding block

warning: this trailing condition needlessly wraps the remaining work
  --> $DIR/semantic.rs:23:5
   |
LL | /     if valid {
LL | |         work();
LL | |     }
   | |_____^
   |
   = help: invert the condition and use an early `return` before the unwrapped body

warning: this trailing condition needlessly wraps the remaining work
  --> $DIR/semantic.rs:29:5
   |
LL | /     if let Some(_value) = value {
LL | |         work();
LL | |     }
   | |_____^
   |
   = help: invert the condition and use an early `return` before the unwrapped body

warning: this trailing condition needlessly wraps the remaining work
  --> $DIR/semantic.rs:36:9
   |
LL | /         if *value {
LL | |             work();
LL | |         }
   | |_________^
   |
   = help: invert the condition and use an early `continue` before the unwrapped body

warning: 5 warnings emitted

