warning: local types should be declared before their use
  --> $DIR/fix.rs:13:1
   |
LL | / struct Consumer(Dependency);
LL | |
LL | | impl Consumer {}
   | |________________^ this declaration is the first out of order
   |
   = note: the first misplaced type requires forward navigation; the resolved dependency-first order is `Dependency`, `Consumer`
note: the lint level is defined here
  --> $DIR/fix.rs:7:9
   |
LL | #![warn(misordered_type_declarations)]
   |         ^^^^^^^^^^^^^^^^^^^^^^^^^^^^
help: move declarations into this order: `Dependency`, `Consumer`
   |
LL + struct Dependency;
LL |
LL + struct Consumer(Dependency);
LL +
LL + impl Consumer {}
   |

warning: 1 warning emitted
