warning: local types should be declared before their use
  --> $DIR/no_fix.rs:12:5
   |
LL |     struct User(Dependency);
   |     ^^^^^^^^^^^^^^^^^^^^^^^^ this declaration is the first out of order
   |
   = note: the first misplaced type requires forward navigation; the resolved dependency-first order is `Dependency`, `User`
   = help: move declarations into this order: `Dependency`, `User`
note: the lint level is defined here
  --> $DIR/no_fix.rs:4:9
   |
LL | #![warn(misordered_type_declarations)]
   |         ^^^^^^^^^^^^^^^^^^^^^^^^^^^^

warning: local types should be declared before their use
  --> $DIR/no_fix.rs:22:5
   |
LL |     struct User(Dependency);
   |     ^^^^^^^^^^^^^^^^^^^^^^^^ this declaration is the first out of order
   |
   = note: the first misplaced type requires forward navigation; the resolved dependency-first order is `Dependency`, `User`
   = help: move declarations into this order: `Dependency`, `User`

warning: local types should be declared before their use
  --> $DIR/no_fix.rs:33:5
   |
LL |     struct User(Dependency);
   |     ^^^^^^^^^^^^^^^^^^^^^^^^ this declaration is the first out of order
   |
   = note: the first misplaced type requires forward navigation; the resolved dependency-first order is `Dependency`, `User`
   = help: move declarations into this order: `Dependency`, `User`

warning: 3 warnings emitted

