warning: local types should be declared before their use
  --> $DIR/semantic.rs:12:1
   |
LL | / struct UsesAlias {
LL | |     value: Alias,
LL | | }
   | |_^ this declaration is the first out of order
   |
   = note: the first misplaced type requires forward navigation; the resolved dependency-first order is `Leaf`, `Alias`, `UsesAlias`, `Bound`, `UsesBound`, `GenericDependency`, `Generic`, `Left`, `Right`
note: the lint level is defined here
  --> $DIR/semantic.rs:6:9
   |
LL | #![warn(misordered_type_declarations)]
   |         ^^^^^^^^^^^^^^^^^^^^^^^^^^^^
help: move declarations into this order: `Leaf`, `Alias`, `UsesAlias`, `Bound`, `UsesBound`, `GenericDependency`, `Generic`, `Left`, `Right`
   |
LL + struct Leaf;
LL |
LL | type Alias = Option<Box<Leaf>>;
LL |
LL + struct UsesAlias {
LL +     value: Alias,
LL + }
LL |
LL + trait Bound {}
LL |
LL + trait UsesBound<T: Bound> {
LL +     fn make(value: Leaf) -> Alias;
LL + }
LL |
LL + struct GenericDependency;
LL + type Generic<T = GenericDependency> = T;
   |

warning: 1 warning emitted

