warning: this 8-line code phase has no explanatory comment
  --> $DIR/semantic.rs:6:5
   |
LL | /     let _one = 1;
LL | |     let _two = 2;
LL | |     let _three = 3;
LL | |     let _four = 4;
...  |
LL | |     let _seven = 7;
LL | |     let _eight = 8;
   | |___________________^
   |
   = help: name this phase with a `//` explanatory comment or extract a named operation
note: the lint level is defined here
  --> $DIR/semantic.rs:1:9
   |
LL | #![warn(missing_code_phase_comments)]
   |         ^^^^^^^^^^^^^^^^^^^^^^^^^^^

warning: this 8-line code phase has no explanatory comment
  --> $DIR/semantic.rs:17:5
   |
LL | /     let _one = 1;
LL | |     let _two = 2;
LL | |     let _three = 3;
LL | |     let _four = 4;
...  |
LL | |     let _seven = 7;
LL | |     let _eight = 8;
   | |___________________^
   |
   = help: name this phase with a `//` explanatory comment or extract a named operation

warning: this 8-line code phase has no explanatory comment
  --> $DIR/semantic.rs:64:5
   |
LL | /     let _one = 1;
LL | |     let _two = 2;
LL | |     let _three = 3;
LL | |     let _four = 4;
...  |
LL | |     let _seven = 7;
LL | |     let _eight = 8;
   | |___________________^
   |
   = help: name this phase with a `//` explanatory comment or extract a named operation

warning: this 8-line code phase has no explanatory comment
  --> $DIR/semantic.rs:76:5
   |
LL | /     let _one = 1;
LL | |     let _two = 2;
LL | |     let _three = 3;
LL | |     let _four = 4;
...  |
LL | |     let _six = 6;
LL | |     let _seven = 7;
   | |___________________^
   |
   = help: name this phase with a `//` explanatory comment or extract a named operation

warning: this 8-line code phase has no explanatory comment
  --> $DIR/semantic.rs:90:9
   |
LL | /         let _one = 1;
LL | |         let _two = 2;
LL | |         let _three = 3;
LL | |         let _four = 4;
...  |
LL | |         let _seven = 7;
LL | |         let _eight = 8;
   | |_______________________^
   |
   = help: name this phase with a `//` explanatory comment or extract a named operation

warning: this 8-line code phase has no explanatory comment
  --> $DIR/semantic.rs:102:5
   |
LL | /     let _value = Some(1)
LL | |         .map(|value| value + 1)
LL | |         .map(|value| value + 1)
LL | |         .map(|value| value + 1)
...  |
LL | |         .map(|value| value + 1)
LL | |         .map(|value| value + 1);
   | |________________________________^
   |
   = help: name this phase with a `//` explanatory comment or extract a named operation

warning: this code phase contains 8 lines, exceeding the configured maximum of 7
  --> $DIR/semantic.rs:114:5
   |
LL | /     let _one = 1;
LL | |     let _two = 2;
LL | |     let _three = 3;
LL | |     let _four = 4;
...  |
LL | |     let _seven = 7;
LL | |     let _eight = 8;
   | |___________________^
   |
   = help: split this phase with `//` explanatory comments or extract named operations

warning: this 8-line code phase has no explanatory comment
  --> $DIR/semantic.rs:143:9
   |
LL | /         let _one = 1;
LL | |         let _two = 2;
LL | |         let _three = 3;
LL | |         let _four = 4;
...  |
LL | |         let _seven = 7;
LL | |         let _eight = 8;
   | |_______________________^
   |
   = help: name this phase with a `//` explanatory comment or extract a named operation

warning: this 8-line code phase has no explanatory comment
  --> $DIR/semantic.rs:158:9
   |
LL | /         let _one = 1;
LL | |         let _two = 2;
LL | |         let _three = 3;
LL | |         let _four = 4;
...  |
LL | |         let _seven = 7;
LL | |         let _eight = 8;
   | |_______________________^
   |
   = help: name this phase with a `//` explanatory comment or extract a named operation

warning: 9 warnings emitted

