warning: `Pending` has divergent Strum name contracts
  --> $DIR/semantic.rs:6:5
   |
LL |     Pending,
   |     ^^^^^^^
   |
   = note: `VariantNames` advertises a finite preferred vocabulary while `EnumString` accepts additional spellings
   = help: separate canonical names from parser aliases in the surrounding API
   = note: requested on the command line with `-W rlib::strum-divergent-variant-name-contracts`

warning: `Unknown` has divergent Strum name contracts
  --> $DIR/semantic.rs:14:5
   |
LL |     Unknown(String),
   |     ^^^^^^^^^^^^^^^
   |
   = note: `VariantNames` advertises a finite preferred vocabulary while `EnumString` accepts additional spellings
   = help: separate canonical names from parser aliases in the surrounding API

warning: `Ready` has divergent Strum name contracts
  --> $DIR/semantic.rs:20:5
   |
LL |     Ready,
   |     ^^^^^
   |
   = note: `VariantNames` advertises a finite preferred vocabulary while `EnumString` accepts additional spellings
   = help: separate canonical names from parser aliases in the surrounding API

warning: 3 warnings emitted

