warning: this Serde rename policy is noncanonical
  --> $DIR/semantic.rs:4:1
   |
LL | / enum FactoredNames {
LL | |     #[serde(rename = "userCreated")]
LL | |     UserCreated,
LL | |     #[serde(rename = "userDeleted")]
...  |
LL | |     LegacyMode,
LL | | }
   | |_^
   |
   = note: 3 member renames reduce to one `camelCase` default with 1 exception(s)
   = help: declare `rename_all = "camelCase"` for serialization and keep overrides only for LegacyMode
   = note: requested on the command line with `-W rlib::serde-noncanonical-rename-policies`

warning: this Serde rename policy is noncanonical
  --> $DIR/semantic.rs:14:1
   |
LL | / enum FactoredBidirectionalNames {
LL | |     #[serde(rename = "userCreated")]
LL | |     UserCreated,
LL | |     #[serde(rename = "userDeleted")]
...  |
LL | |     LegacyMode,
LL | | }
   | |_^
   |
   = note: 3 member renames reduce to one `camelCase` default with 1 exception(s)
   = help: declare nondirectional `rename_all = "camelCase"` and keep overrides only for LegacyMode

warning: this Serde rename policy is noncanonical
  --> $DIR/semantic.rs:24:1
   |
LL | / enum FactoredFields {
LL | |     Current {
LL | |         #[serde(rename = "firstValue")]
LL | |         first_value: u8,
...  |
LL | |     },
LL | | }
   | |_^
   |
   = note: 3 member renames reduce to one `camelCase` default with 1 exception(s)
   = help: declare `rename_all_fields = "camelCase"` for serialization and keep overrides only for legacy_mode

warning: this Serde rename policy is noncanonical
  --> $DIR/semantic.rs:40:5
   |
LL |     #[serde(rename = "userCreated")]
   |     ^^^^^^^^^^^^^^^^^^^^^^^^^^^^^^^^ help: remove the redundant member rename
   |
   = note: `UserCreated` already receives `userCreated` from the inherited `camelCase` policy

warning: this Serde rename policy is noncanonical
  --> $DIR/semantic.rs:47:5
   |
LL |     #[serde(alias = "value")]
   |     ^^^^^^^^^^^^^^^^^^^^^^^^^ help: remove the redundant Serde alias
   |
   = note: alias `value` accepts no additional spelling for `value`

warning: this Serde rename policy is noncanonical
  --> $DIR/semantic.rs:53:5
   |
LL |     #[serde(rename = "value")]
   |     ^^^^^^^^^^^^^^^^^^^^^^^^^^ help: remove the behavior-neutral member rename
   |
   = note: `value` is renamed to its unchanged Rust spelling

warning: this Serde rename policy is noncanonical
  --> $DIR/semantic.rs:64:1
   |
LL | / struct DirectionalShorthand {
LL | |     #[serde(rename(serialize = "wireValue", deserialize = "wireValue"))]
LL | |     value: u64,
LL | | }
   | |_^
   |
   = note: value declares identical serialization and deserialization names
   = help: use the nondirectional Serde shorthand for the shared name

warning: this Serde rename policy is noncanonical
  --> $DIR/semantic.rs:70:1
   |
LL | / struct IdenticalInactivePrivateDirection {
LL | |     #[serde(rename(serialize = "wireValue", deserialize = "wireValue"))]
LL | |     value: u64,
LL | | }
   | |_^
   |
   = note: value configures deserialization, but this private type derives only serialization
   = help: remove the inactive deserialization naming branch

warning: this Serde rename policy is noncanonical
  --> $DIR/semantic.rs:76:1
   |
LL | / struct InactivePrivateDirection {
LL | |     #[serde(rename(serialize = "wireValue", deserialize = "legacyValue"))]
LL | |     value: u64,
LL | | }
   | |_^
   |
   = note: value configures deserialization, but this private type derives only serialization
   = help: remove the inactive deserialization naming branch

warning: this Serde rename policy is noncanonical
  --> $DIR/semantic.rs:83:1
   |
LL | / enum FullyInheritedDirectionalOverride {
LL | |     #[serde(rename(serialize = "userCreated", deserialize = "userCreated"))]
LL | |     UserCreated,
LL | |     UserDeleted,
LL | | }
   | |_^
   |
   = note: `UserCreated` already receives `userCreated` from the inherited `camelCase` policy
   = help: remove the redundant member rename

warning: 10 warnings emitted

