warning: this derive_more Display naming policy is noncanonical
  --> $DIR/semantic.rs:4:1
   |
LL | / enum FactoredNames {
LL | |     #[display("userCreated")]
LL | |     UserCreated,
LL | |     #[display("userDeleted")]
...  |
LL | |     LegacyMode,
LL | | }
   | |_^
   |
   = note: 3 unit-variant directives reduce to one `camelCase` policy
   = help: declare `#[display(rename_all = "camelCase")]` on the enum and retain formats only for LegacyMode
   = note: requested on the command line with `-W rlib::derive-more-noncanonical-display-policies`

warning: this derive_more Display naming policy is noncanonical
  --> $DIR/semantic.rs:16:5
   |
LL |     #[display(rename_all = "camelCase")]
   |     ^^^^^^^^^^^^^^^^^^^^^^^^^^^^^^^^^^^^ help: remove the redundant Display directive
   |
   = note: `UserCreated` already displays as `userCreated` without this leaf directive

warning: this derive_more Display naming policy is noncanonical
  --> $DIR/semantic.rs:18:5
   |
LL |     #[display("userDeleted")]
   |     ^^^^^^^^^^^^^^^^^^^^^^^^^ help: remove the redundant Display directive
   |
   = note: `UserDeleted` already displays as `userDeleted` without this leaf directive

warning: 3 warnings emitted

