warning: this early return has no explanatory comment
  --> $DIR/semantic.rs:10:9
   |
LL | /     if !enabled {
LL | |         return;
   | |         ^^^^^^ this exits before the remaining work
LL | |     }
   | |_____- explain this guard boundary
   |
   = note: an early exit introduces policy that the guard condition alone may not communicate
   = help: add a concise `// ...` explanation immediately before the controlling condition
note: the lint level is defined here
  --> $DIR/semantic.rs:1:9
   |
LL | #![warn(rlib::undocumented_early_returns)]
   |         ^^^^^^^^^^^^^^^^^^^^^^^^^^^^^^^^

warning: this early return has no explanatory comment
  --> $DIR/semantic.rs:17:9
   |
LL | /     let Some(_) = value else {
LL | |         return;
   | |         ^^^^^^ this exits before the remaining work
LL | |     };
   | |______- explain this guard boundary
   |
   = note: an early exit introduces policy that the guard condition alone may not communicate
   = help: add a concise `// ...` explanation immediately before the controlling condition

warning: this early return has no explanatory comment
  --> $DIR/semantic.rs:24:20
   |
LL |         Some(_) => return,
   |         -----------^^^^^^
   |         |          |
   |         |          this exits before the remaining work
   |         explain this guard boundary
   |
   = note: an early exit introduces policy that the guard condition alone may not communicate
   = help: add a concise `// ...` explanation immediately before the controlling condition

warning: this early return has no explanatory comment
  --> $DIR/semantic.rs:33:9
   |
LL | /     if !enabled {
LL | |         // Disabled operations preserve their progress.
LL | |         return;
   | |         ^^^^^^ this exits before the remaining work
LL | |     }
   | |_____- explain this guard boundary
   |
   = note: an early exit introduces policy that the guard condition alone may not communicate
   = help: add a concise `// ...` explanation immediately before the controlling condition

warning: this early return has no explanatory comment
  --> $DIR/semantic.rs:40:9
   |
LL | /     if enabled {
LL | |         return;
   | |         ^^^^^^ this exits before the remaining work
LL | |     } else {
LL | |         return;
LL | |     }
   | |_____- explain this guard boundary
   |
   = note: an early exit introduces policy that the guard condition alone may not communicate
   = help: add a concise `// ...` explanation immediately before the controlling condition

warning: this early return has no explanatory comment
  --> $DIR/semantic.rs:50:13
   |
LL | /         if !enabled {
LL | |             return;
   | |             ^^^^^^ this exits before the remaining work
LL | |         }
   | |_________- explain this guard boundary
   |
   = note: an early exit introduces policy that the guard condition alone may not communicate
   = help: add a concise `// ...` explanation immediately before the controlling condition

warning: 6 warnings emitted

