warning: local types should be declared before their use
  --> $DIR/semantic.rs:8:1
   |
LL | / struct UsesAlias {
LL | |     value: Alias,
LL | | }
   | |_^ this declaration is the first out of order
   |
   = note: expected declaration order: `Leaf`, `Alias`, `UsesAlias`, `Bound`, `UsesBound`, `Left`, `Right`
note: the lint level is defined here
  --> $DIR/semantic.rs:6:9
   |
LL | #![warn(enforce_type_dependency_order)]
   |         ^^^^^^^^^^^^^^^^^^^^^^^^^^^^^
help: reorder these declarations
   |
LL + struct Leaf;
LL |
LL | type Alias = Option<Box<Leaf>>;
LL |
LL + struct UsesAlias {
LL +     value: Alias,
LL + }
LL |
LL + trait Bound {}
LL |
LL + trait UsesBound<T: Bound> {
LL +     fn make(value: Leaf) -> Alias;
LL + }
   |

warning: 1 warning emitted

