warning: function `direct` is a redundant forwarding wrapper
  --> $DIR/semantic.rs:45:4
   |
LL | fn target(value: u32) -> u32 {
   | ---------------------------- forwarded implementation `target`
...
LL | fn direct(value: u32) -> u32 {
   |    ^^^^^^ delete this useless indirection
   |
   = note: `direct` adds an API and navigation layer without changing the behavior of `target`
   = help: remove `direct` and update its callers to invoke `target` directly; move its documentation or adjust the target's name and visibility if needed
   = note: requested on the command line with `-W rlib::needless-function-wrappers`

warning: function `explicit_return` is a redundant forwarding wrapper
  --> $DIR/semantic.rs:49:4
   |
LL | fn target(value: u32) -> u32 {
   | ---------------------------- forwarded implementation `target`
...
LL | fn explicit_return(value: u32) -> u32 {
   |    ^^^^^^^^^^^^^^^ delete this useless indirection
   |
   = note: `explicit_return` adds an API and navigation layer without changing the behavior of `target`
   = help: remove `explicit_return` and update its callers to invoke `target` directly; move its documentation or adjust the target's name and visibility if needed

warning: function `no_arguments` is a redundant forwarding wrapper
  --> $DIR/semantic.rs:53:4
   |
LL | fn no_arguments_target() -> u32 {
   | ------------------------------- forwarded implementation `no_arguments_target`
...
LL | fn no_arguments() -> u32 {
   |    ^^^^^^^^^^^^ delete this useless indirection
   |
   = note: `no_arguments` adds an API and navigation layer without changing the behavior of `no_arguments_target`
   = help: remove `no_arguments` and update its callers to invoke `no_arguments_target` directly; move its documentation or adjust the target's name and visibility if needed

warning: function `generic` is a redundant forwarding wrapper
  --> $DIR/semantic.rs:57:4
   |
LL | fn generic_target<T>(value: T) -> T {
   | ----------------------------------- forwarded implementation `generic_target`
...
LL | fn generic<T>(value: T) -> T {
   |    ^^^^^^^ delete this useless indirection
   |
   = note: `generic` adds an API and navigation layer without changing the behavior of `generic_target`
   = help: remove `generic` and update its callers to invoke `generic_target` directly; move its documentation or adjust the target's name and visibility if needed

warning: function `cross_file` is a redundant forwarding wrapper
  --> $DIR/semantic.rs:61:4
   |
LL | fn cross_file(value: u32) -> u32 {
   |    ^^^^^^^^^^ delete this useless indirection
   |
  ::: $DIR/support/remote.inc:1:1
   |
LL | pub(crate) fn remote_target(value: u32) -> u32 {
   | ---------------------------------------------- forwarded implementation `remote::remote_target`
   |
   = note: `cross_file` adds an API and navigation layer without changing the behavior of `remote::remote_target`
   = help: remove `cross_file` and update its callers to invoke `remote::remote_target` directly; move its documentation or adjust the target's name and visibility if needed

warning: function `documented_facade` is a redundant forwarding wrapper
  --> $DIR/semantic.rs:66:8
   |
LL | fn target(value: u32) -> u32 {
   | ---------------------------- forwarded implementation `target`
...
LL | pub fn documented_facade(value: u32) -> u32 {
   |        ^^^^^^^^^^^^^^^^^ delete this useless indirection
   |
   = note: `documented_facade` adds an API and navigation layer without changing the behavior of `target`
   = help: remove `documented_facade` and update its callers to invoke `target` directly; move its documentation or adjust the target's name and visibility if needed

warning: function `public_facade` is a redundant forwarding wrapper
  --> $DIR/semantic.rs:70:8
   |
LL | fn target(value: u32) -> u32 {
   | ---------------------------- forwarded implementation `target`
...
LL | pub fn public_facade(value: u32) -> u32 {
   |        ^^^^^^^^^^^^^ delete this useless indirection
   |
   = note: `public_facade` adds an API and navigation layer without changing the behavior of `target`
   = help: remove `public_facade` and update its callers to invoke `target` directly; move its documentation or adjust the target's name and visibility if needed

warning: function `private_documented` is a redundant forwarding wrapper
  --> $DIR/semantic.rs:75:4
   |
LL | fn target(value: u32) -> u32 {
   | ---------------------------- forwarded implementation `target`
...
LL | fn private_documented(value: u32) -> u32 {
   |    ^^^^^^^^^^^^^^^^^^ delete this useless indirection
   |
   = note: `private_documented` adds an API and navigation layer without changing the behavior of `target`
   = help: remove `private_documented` and update its callers to invoke `target` directly; move its documentation or adjust the target's name and visibility if needed

warning: function `chain_middle` is a redundant forwarding wrapper
  --> $DIR/semantic.rs:79:4
   |
LL | fn target(value: u32) -> u32 {
   | ---------------------------- forwarded implementation `target`
...
LL | fn chain_middle(value: u32) -> u32 {
   |    ^^^^^^^^^^^^ delete this useless indirection
   |
   = note: `chain_middle` adds an API and navigation layer without changing the behavior of `target`
   = help: remove `chain_middle` and update its callers to invoke `target` directly; move its documentation or adjust the target's name and visibility if needed

warning: function `chain_facade` is a redundant forwarding wrapper
  --> $DIR/semantic.rs:83:4
   |
LL | fn chain_middle(value: u32) -> u32 {
   | ---------------------------------- forwarded implementation `chain_middle`
...
LL | fn chain_facade(value: u32) -> u32 {
   |    ^^^^^^^^^^^^ delete this useless indirection
   |
   = note: `chain_facade` adds an API and navigation layer without changing the behavior of `chain_middle`
   = help: remove `chain_facade` and update its callers to invoke `chain_middle` directly; move its documentation or adjust the target's name and visibility if needed

warning: function `async_direct` is a redundant forwarding wrapper
  --> $DIR/semantic.rs:87:10
   |
LL | async fn async_target(value: u32) -> u32 {
   | ---------------------------------------- forwarded implementation `async_target`
...
LL | async fn async_direct(value: u32) -> u32 {
   |          ^^^^^^^^^^^^ delete this useless indirection
   |
   = note: `async_direct` adds an API and navigation layer without changing the behavior of `async_target`
   = help: remove `async_direct` and update its callers to invoke `async_target` directly; move its documentation or adjust the target's name and visibility if needed

warning: function `method` is a redundant forwarding wrapper
  --> $DIR/semantic.rs:98:8
   |
LL |     fn target(&self, value: u32) -> u32 {
   |     ----------------------------------- forwarded implementation `Service::target`
...
LL |     fn method(&self, value: u32) -> u32 {
   |        ^^^^^^ delete this useless indirection
   |
   = note: `method` adds an API and navigation layer without changing the behavior of `Service::target`
   = help: remove `method` and update its callers to invoke `Service::target` directly; move its documentation or adjust the target's name and visibility if needed

warning: function `associated` is a redundant forwarding wrapper
  --> $DIR/semantic.rs:106:8
   |
LL |     fn associated_target(value: u32) -> u32 {
   |     --------------------------------------- forwarded implementation `Service::associated_target`
...
LL |     fn associated(value: u32) -> u32 {
   |        ^^^^^^^^^^ delete this useless indirection
   |
   = note: `associated` adds an API and navigation layer without changing the behavior of `Service::associated_target`
   = help: remove `associated` and update its callers to invoke `Service::associated_target` directly; move its documentation or adjust the target's name and visibility if needed

warning: function `async_method` is a redundant forwarding wrapper
  --> $DIR/semantic.rs:114:14
   |
LL |     async fn async_target(&self, value: u32) -> u32 {
   |     ----------------------------------------------- forwarded implementation `Service::async_target`
...
LL |     async fn async_method(&self, value: u32) -> u32 {
   |              ^^^^^^^^^^^^ delete this useless indirection
   |
   = note: `async_method` adds an API and navigation layer without changing the behavior of `Service::async_target`
   = help: remove `async_method` and update its callers to invoke `Service::async_target` directly; move its documentation or adjust the target's name and visibility if needed

warning: function `method_from_separate_impl` is a redundant forwarding wrapper
  --> $DIR/semantic.rs:120:8
   |
LL |     fn target(&self, value: u32) -> u32 {
   |     ----------------------------------- forwarded implementation `Service::target`
...
LL |     fn method_from_separate_impl(&self, value: u32) -> u32 {
   |        ^^^^^^^^^^^^^^^^^^^^^^^^^ delete this useless indirection
   |
   = note: `method_from_separate_impl` adds an API and navigation layer without changing the behavior of `Service::target`
   = help: remove `method_from_separate_impl` and update its callers to invoke `Service::target` directly; move its documentation or adjust the target's name and visibility if needed

warning: 15 warnings emitted

