warning: these declarations collectively define a stringly typed `Slug` domain
  --> $DIR/semantic.rs:12:4
   |
LL | fn validate_slug(_slug: &str) -> Result<(), ()> {
   |    ^^^^^^^^^^^^^ `validate_slug` contributes behavior for raw `Slug` text
...
LL | fn normalize_slug(slug: &str) -> String {
   |    -------------- `normalize_slug` contributes behavior for raw `Slug` text
...
LL | fn slug_path(slug: &str) -> PathBuf {
   |    --------- `slug_path` contributes behavior for raw `Slug` text
   |
   = help: introduce a string-backed `Slug` type and move its invariant and behavior onto that type
note: the lint level is defined here
  --> $DIR/semantic.rs:3:9
   |
LL | #![warn(stringly_typed_domain_function_families)]
   |         ^^^^^^^^^^^^^^^^^^^^^^^^^^^^^^^^^^^^^^^

warning: these declarations collectively define a stringly typed `Email` domain
  --> $DIR/semantic.rs:28:4
   |
LL |     email: String,
   |     ----- raw field `email` stores the same domain concept
...
LL | fn validate_email(_email: &str) -> Result<(), ()> {
   |    ^^^^^^^^^^^^^^ `validate_email` contributes behavior for raw `Email` text
   |
   = help: introduce a string-backed `Email` type and move its invariant and behavior onto that type

warning: these declarations collectively define a stringly typed `AccountKey` domain
  --> $DIR/semantic.rs:42:4
   |
LL | struct AccountKey(String);
   |        ---------- type `AccountKey` already names this domain
LL |
LL | fn validate_account_key(_account_key: &str) -> Result<(), ()> {
   |    ^^^^^^^^^^^^^^^^^^^^ `validate_account_key` contributes behavior for raw `AccountKey` text
...
LL | fn normalize_account_key(account_key: &str) -> String {
   |    --------------------- `normalize_account_key` contributes behavior for raw `AccountKey` text
   |
   = help: accept the existing `AccountKey` type and move the remaining domain behavior onto it

warning: 3 warnings emitted

