warning: this explicit tuple type leaves component roles unnamed
  --> $DIR/semantic.rs:7:23
   |
LL | type PartitionAlias = (Accepted, Rejected);
   |                       ^^^^^^^^^^^^^^^^^^^^
   |
   = note: callers must repeatedly infer each position, and reordered components remain type-compatible
   = help: introduce a concept-specific record struct with a meaningful name and named fields
note: the lint level is defined here
  --> $DIR/semantic.rs:1:9
   |
LL | #![warn(bare_tuple_types)]
   |         ^^^^^^^^^^^^^^^^

warning: this explicit tuple type leaves component roles unnamed
  --> $DIR/semantic.rs:10:16
   |
LL |     partition: (Accepted, Rejected),
   |                ^^^^^^^^^^^^^^^^^^^^
   |
   = note: callers must repeatedly infer each position, and reordered components remain type-compatible
   = help: introduce a concept-specific record struct with a meaningful name and named fields

warning: this explicit tuple type leaves component roles unnamed
  --> $DIR/semantic.rs:15:21
   |
LL | fn partition(input: (Accepted, Rejected)) -> (Accepted, Rejected) {
   |                     ^^^^^^^^^^^^^^^^^^^^
   |
   = note: callers must repeatedly infer each position, and reordered components remain type-compatible
   = help: introduce a concept-specific record struct with a meaningful name and named fields

warning: this explicit tuple type leaves component roles unnamed
  --> $DIR/semantic.rs:15:46
   |
LL | fn partition(input: (Accepted, Rejected)) -> (Accepted, Rejected) {
   |                                              ^^^^^^^^^^^^^^^^^^^^
   |
   = note: callers must repeatedly infer each position, and reordered components remain type-compatible
   = help: introduce a concept-specific record struct with a meaningful name and named fields

warning: this explicit tuple type leaves component roles unnamed
  --> $DIR/semantic.rs:16:20
   |
LL |     let annotated: (Accepted, Rejected) = input;
   |                    ^^^^^^^^^^^^^^^^^^^^
   |
   = note: callers must repeatedly infer each position, and reordered components remain type-compatible
   = help: introduce a concept-specific record struct with a meaningful name and named fields

warning: this explicit tuple type leaves component roles unnamed
  --> $DIR/semantic.rs:17:27
   |
LL |     let closure = |value: (Accepted, Rejected)| value;
   |                           ^^^^^^^^^^^^^^^^^^^^
   |
   = note: callers must repeatedly infer each position, and reordered components remain type-compatible
   = help: introduce a concept-specific record struct with a meaningful name and named fields

warning: 6 warnings emitted

