warning: `Stage` variants are repeated in a manual array
  --> $DIR/semantic.rs:13:31
   |
LL | pub const STAGES: &[Stage] = &[Stage::Planned, Stage::Running, Stage::Complete];
   |                               ^^^^^^^^^^^^^^^^^^^^^^^^^^^^^^^^^^^^^^^^^^^^^^^^^
   |
   = note: the exhaustive declaration-order array duplicates the enum definition and can become stale
   = note: this API is public; `VariantArray::VARIANTS` is a shared slice, so migration requires a compatibility review
   = help: derive `strum::VariantArray`, import its trait, and migrate callers to `Type::VARIANTS`
   = note: requested on the command line with `-W rlib::strum-manual-variant-arrays`

warning: `Stage` variants are repeated in a manual array
  --> $DIR/semantic.rs:16:28
   |
LL |     const ALL: [Self; 3] = [Self::Planned, Self::Running, Self::Complete];
   |                            ^^^^^^^^^^^^^^^^^^^^^^^^^^^^^^^^^^^^^^^^^^^^^^
   |
   = note: the exhaustive declaration-order array duplicates the enum definition and can become stale
   = help: derive `strum::VariantArray`, import its trait, and migrate callers to `Type::VARIANTS`

warning: `Stage` variants are repeated in a manual array
  --> $DIR/semantic.rs:20:5
   |
LL |     [Stage::Planned, Stage::Running, Stage::Complete]
   |     ^^^^^^^^^^^^^^^^^^^^^^^^^^^^^^^^^^^^^^^^^^^^^^^^^
   |
   = note: the exhaustive declaration-order array duplicates the enum definition and can become stale
   = help: derive `strum::VariantArray`, import its trait, and migrate callers to `Type::VARIANTS`

warning: `DisabledStage` variants are repeated in a manual array
  --> $DIR/semantic.rs:30:48
   |
LL | const ALL_DISABLED_STAGES: &[DisabledStage] = &[DisabledStage::Active, DisabledStage::Legacy];
   |                                                ^^^^^^^^^^^^^^^^^^^^^^^^^^^^^^^^^^^^^^^^^^^^^^
   |
   = note: the exhaustive declaration-order array duplicates the enum definition and can become stale
   = help: derive `strum::VariantArray`, import its trait, and migrate callers to `Type::VARIANTS`

warning: `DisabledStage` variants are manually exposed as an iterator
  --> $DIR/semantic.rs:32:43
   |
LL | const ENABLED_STAGES: &[DisabledStage] = &[DisabledStage::Active];
   |                                           ^^^^^^^^^^^^^^^^^^^^^^^
   |
   = note: the exhaustive declaration-order sequence duplicates the enum definition and can become stale
   = help: derive `strum::EnumIter`, import `strum::IntoEnumIterator`, and migrate callers to `Type::iter()`
   = note: requested on the command line with `-W rlib::strum-manual-enum-iteration`

warning: `SerializedStage` variants are repeated in a manual array
  --> $DIR/semantic.rs:42:6
   |
LL |     &[SerializedStage::Planned, SerializedStage::Complete];
   |      ^^^^^^^^^^^^^^^^^^^^^^^^^^^^^^^^^^^^^^^^^^^^^^^^^^^^^
   |
   = note: the exhaustive declaration-order array duplicates the enum definition and can become stale
   = help: derive `strum::VariantArray`, import its trait, and migrate callers to `Type::VARIANTS`

warning: 6 warnings emitted

