warning: boolean parameter `minify` hides its alternatives at call sites
  --> $DIR/semantic.rs:12:11
   |
LL | fn render(minify: bool) {}
   |           ^^^^^^
   |
   = note: callers otherwise see only `true` or `false` instead of the behavior selected by `minify`
   = help: replace `minify: bool` with an enum whose type and variants name the policy choices
note: the lint level is defined here
  --> $DIR/semantic.rs:3:9
   |
LL | #![warn(boolean_function_arguments)]
   |         ^^^^^^^^^^^^^^^^^^^^^^^^^^

warning: 2 boolean parameters create an unreadable positional flag combination
  --> $DIR/semantic.rs:14:11
   |
LL | fn export(pretty: bool, include_metadata: Flag) {}
   |           ^^^^^^        ---------------- `include_metadata` is a positional policy choice
   |           |
   |           `pretty` is a positional policy choice
   |
   = note: positional boolean arguments can be swapped without a type error and do not reveal which choice each literal controls
   = help: collect these choices in a named options type, using enums for choices that are not true predicates

warning: boolean parameter `enabled` hides its alternatives at call sites
  --> $DIR/semantic.rs:19:34
   |
LL |     fn set_enabled(context: u32, enabled: bool) {}
   |                                  ^^^^^^^
   |
   = note: callers otherwise see only `true` or `false` instead of the behavior selected by `enabled`
   = help: replace `enabled: bool` with an enum whose type and variants name the policy choices

warning: boolean parameter `value` hides its alternatives at call sites
  --> $DIR/semantic.rs:22:27
   |
LL | fn set_enabled_indirectly(value: bool) {}
   |                           ^^^^^
   |
   = note: callers otherwise see only `true` or `false` instead of the behavior selected by `value`
   = help: replace `value: bool` with an enum whose type and variants name the policy choices

warning: boolean parameter `enabled` hides its alternatives at call sites
  --> $DIR/semantic.rs:29:45
   |
LL |     fn set_enabled(&mut self, context: u32, enabled: bool) {}
   |                                             ^^^^^^^
   |
   = note: callers otherwise see only `true` or `false` instead of the behavior selected by `enabled`
   = help: replace `enabled: bool` with an enum whose type and variants name the policy choices

warning: boolean parameter `pretty` hides its alternatives at call sites
  --> $DIR/semantic.rs:38:25
   |
LL |         fn local_render(pretty: bool) {}
   |                         ^^^^^^
...
LL | local_boolean_signature!();
   | -------------------------- in this macro invocation
   |
   = note: callers otherwise see only `true` or `false` instead of the behavior selected by `pretty`
   = help: replace `pretty: bool` with an enum whose type and variants name the policy choices
   = note: this warning originates in the macro `local_boolean_signature` (in Nightly builds, run with -Z macro-backtrace for more info)

warning: boolean parameter `minify` hides its alternatives at call sites
  --> $DIR/semantic.rs:46:18
   |
LL |     fn configure(minify: bool);
   |                  ^^^^^^
   |
   = note: callers otherwise see only `true` or `false` instead of the behavior selected by `minify`
   = help: replace `minify: bool` with an enum whose type and variants name the policy choices

warning: 7 warnings emitted

