warning: this loop reaches control-flow depth 3, exceeding the configured maximum of 2
  --> $DIR/semantic.rs:7:21
   |
LL |               true => loop {
   |  _____________________^
LL | |                 if third {
LL | |                     break;
...  |
LL | |             },
   | |_____________^
   |
   = help: extract a named helper or flatten guardable branches before adding more nesting
note: the lint level is defined here
  --> $DIR/semantic.rs:1:9
   |
LL | #![warn(deeply_nested_control_flow)]
   |         ^^^^^^^^^^^^^^^^^^^^^^^^^^

warning: this conditional reaches control-flow depth 3, exceeding the configured maximum of 2
  --> $DIR/semantic.rs:29:13
   |
LL |             if third {}
   |             ^^^^^^^^^^^
   |
   = help: extract a named helper or flatten guardable branches before adding more nesting

warning: 2 warnings emitted

