warning: type parameter `T` on function `inferred_and_explicit` has only one concrete substitution
  --> $DIR/callables.rs:12:26
   |
LL | fn inferred_and_explicit<T>(value: T) -> T {
   |                          ^
...
LL |     let _ = inferred_and_explicit(1_u8);
   |             --------------------------- `u8` resolves here
LL |     let _ = inferred_and_explicit::<u8>(2);
   |             ------------------------------ `u8` resolves here
   |
   = note: every active authored call resolves `T` to `u8`; no generic forwarding, callable escape, unnameable type, or second concrete substitution demonstrates that this parameter is consumed polymorphically
   = help: specialize `T` as `u8` in the signature and remove the generic parameter until another substitution is required
note: the lint level is defined here
  --> $DIR/callables.rs:1:9
   |
LL | #![warn(rlib::unconsumed_generic_abstractions)]
   |         ^^^^^^^^^^^^^^^^^^^^^^^^^^^^^^^^^^^^^

warning: type parameter `T` on function `mixed` has only one concrete substitution
  --> $DIR/callables.rs:16:10
   |
LL | fn mixed<T, U>(first: T, second: U) -> (T, U) {
   |          ^
...
LL |     let _ = mixed(1_u8, 2_u16);
   |             ------------------ `u8` resolves here
LL |     let _ = mixed(3_u8, 4_u32);
   |             ------------------ `u8` resolves here
   |
   = note: every active authored call resolves `T` to `u8`; no generic forwarding, callable escape, unnameable type, or second concrete substitution demonstrates that this parameter is consumed polymorphically
   = help: specialize `T` as `u8` in the signature and remove the generic parameter until another substitution is required

warning: type parameter `T` on function `closed_package` has only one concrete substitution
  --> $DIR/callables.rs:20:23
   |
LL | pub fn closed_package<T>(value: T) -> T {
   |                       ^
...
LL |     let _ = closed_package(5_u16);
   |             --------------------- `u16` resolves here
   |
   = note: every active authored call resolves `T` to `u16`; no generic forwarding, callable escape, unnameable type, or second concrete substitution demonstrates that this parameter is consumed polymorphically
   = help: specialize `T` as `u16` in the signature and remove the generic parameter until another substitution is required

warning: type parameter `T` on associated function `associated` has only one concrete substitution
  --> $DIR/callables.rs:27:19
   |
LL |     fn associated<T>(value: T) -> T {
   |                   ^
...
LL |     let _ = Service::associated(6_u32);
   |             -------------------------- `u32` resolves here
   |
   = note: every active authored call resolves `T` to `u32`; no generic forwarding, callable escape, unnameable type, or second concrete substitution demonstrates that this parameter is consumed polymorphically
   = help: specialize `T` as `u32` in the signature and remove the generic parameter until another substitution is required

warning: type parameter `T` on method `method` has only one concrete substitution
  --> $DIR/callables.rs:31:15
   |
LL |     fn method<T>(&self, value: T) -> T {
   |               ^
...
LL |     let _ = service.method(7_u64);
   |             --------------------- `u64` resolves here
   |
   = note: every active authored call resolves `T` to `u64`; no generic forwarding, callable escape, unnameable type, or second concrete substitution demonstrates that this parameter is consumed polymorphically
   = help: specialize `T` as `u64` in the signature and remove the generic parameter until another substitution is required

warning: 5 warnings emitted

