warning: imports do not belong in a barrel file
  --> $DIR/auxiliary/bad/mod.rs:1:1
   |
LL | use std::fmt;
   | ^^^^^^^^^^^^^
   |
   = note: a barrel file should describe module structure only, so readers and tools can locate implementation in named child modules
   = help: remove this import and use the item's canonical defining-module path
   = note: `#[warn(invalid_barrel_file_items)]` on by default

warning: imports do not belong in a barrel file
  --> $DIR/auxiliary/bad/mod.rs:2:1
   |
LL | pub(self) use std::io;
   | ^^^^^^^^^^^^^^^^^^^^^^
   |
   = note: a barrel file should describe module structure only, so readers and tools can locate implementation in named child modules
   = help: remove this import and use the item's canonical defining-module path

warning: imports do not belong in a barrel file
  --> $DIR/auxiliary/bad/mod.rs:3:1
   |
LL | pub(in self) use std::mem;
   | ^^^^^^^^^^^^^^^^^^^^^^^^^^
   |
   = note: a barrel file should describe module structure only, so readers and tools can locate implementation in named child modules
   = help: remove this import and use the item's canonical defining-module path

warning: an inline module hides implementation code inside a barrel file
  --> $DIR/auxiliary/bad/mod.rs:5:1
   |
LL | / mod inline_child {
LL | |     // The inline module receives one warning as a whole. Its children must not receive duplicates.
LL | |     fn nested_implementation() {}
LL | |     struct NestedType;
...  |
LL | | }
   | |_^
   |
   = note: a barrel file should describe module structure only, so readers and tools can locate implementation in named child modules
   = help: move the module body to child.rs or child/mod.rs and leave only `mod child;` here

warning: implementation code does not belong in a barrel file
  --> $DIR/auxiliary/bad/mod.rs:14:1
   |
LL | extern crate core;
   | ^^^^^^^^^^^^^^^^^^
   |
   = note: a barrel file should describe module structure only, so readers and tools can locate implementation in named child modules
   = help: move this code into a dedicated module and leave only its module declaration here

warning: implementation code does not belong in a barrel file
  --> $DIR/auxiliary/bad/mod.rs:16:1
   |
LL | fn implementation() {}
   | ^^^^^^^^^^^^^^^^^^^^^^
   |
   = note: a barrel file should describe module structure only, so readers and tools can locate implementation in named child modules
   = help: move this code into a dedicated module and leave only its module declaration here

warning: implementation code does not belong in a barrel file
  --> $DIR/auxiliary/bad/mod.rs:17:1
   |
LL | struct ImplementedHere;
   | ^^^^^^^^^^^^^^^^^^^^^^^
   |
   = note: a barrel file should describe module structure only, so readers and tools can locate implementation in named child modules
   = help: move this code into a dedicated module and leave only its module declaration here

warning: macro definitions and calls do not belong in a barrel file
  --> $DIR/auxiliary/bad/mod.rs:19:1
   |
LL | / macro_rules! make_item {
LL | |     () => {
LL | |         struct GeneratedItem;
LL | |     };
LL | | }
   | |_^
   |
   = note: a barrel file should describe module structure only, so readers and tools can locate implementation in named child modules
   = help: move the macro elsewhere and spell this barrel's module declarations explicitly

warning: macro definitions and calls do not belong in a barrel file
  --> $DIR/auxiliary/bad/mod.rs:25:1
   |
LL | make_item!();
   | ^^^^^^^^^^^^^
   |
   = note: a barrel file should describe module structure only, so readers and tools can locate implementation in named child modules
   = help: move the macro elsewhere and spell this barrel's module declarations explicitly

warning: macro definitions and calls do not belong in a barrel file
  --> $DIR/auxiliary/bad/mod.rs:26:1
   |
LL | include!("included.rs");
   | ^^^^^^^^^^^^^^^^^^^^^^^^
   |
   = note: a barrel file should describe module structure only, so readers and tools can locate implementation in named child modules
   = help: move the macro elsewhere and spell this barrel's module declarations explicitly

warning: implementation code does not belong in a barrel file
  --> $DIR/auxiliary/directory_bad/mod.rs:3:1
   |
LL | fn implementation_beside_directory_child() {}
   | ^^^^^^^^^^^^^^^^^^^^^^^^^^^^^^^^^^^^^^^^^^^^^
   |
   = note: a barrel file should describe module structure only, so readers and tools can locate implementation in named child modules
   = help: move this code into a dedicated module and leave only its module declaration here

warning: imports do not belong in a barrel file
  --> $DIR/auxiliary/lib_bad/lib.rs:1:1
   |
LL | use std::path::Path;
   | ^^^^^^^^^^^^^^^^^^^^
   |
   = note: a barrel file should describe module structure only, so readers and tools can locate implementation in named child modules
   = help: remove this import and use the item's canonical defining-module path

warning: implementation code does not belong in a barrel file
  --> $DIR/auxiliary/lib_bad/lib.rs:3:1
   |
LL | fn crate_root_implementation() {}
   | ^^^^^^^^^^^^^^^^^^^^^^^^^^^^^^^^^
   |
   = note: a barrel file should describe module structure only, so readers and tools can locate implementation in named child modules
   = help: move this code into a dedicated module and leave only its module declaration here

warning: 13 warnings emitted

