warning: free function `bump` should be an inherent method on `Counter`
  --> $DIR/fix.rs:20:4
   |
LL | fn bump(mut counter: Counter, amount: u8) -> Counter {
   |    ^^^^
   |
   = note: `bump` behavior is hidden in the module namespace instead of being discoverable through `Counter`
   = note: `#[warn(method_like_free_functions)]` on by default
help: move the function into an inherent impl and update its uses
   |
LL + impl Counter {
LL + fn bump(mut self, amount: u8) -> Counter {
LL +     self.value += amount;
LL +     let snapshot = Snapshot { counter: self };
LL +     snapshot.counter
LL + }
LL + }
   |

warning: free function `inspect` should be an inherent method on `Counter`
  --> $DIR/fix.rs:27:4
   |
LL | fn inspect<'a>(counter: &'a Counter) -> u8 {
   |    ^^^^^^^
   |
   = note: `inspect` behavior is hidden in the module namespace instead of being discoverable through `Counter`
help: move the function into an inherent impl and update its uses
   |
LL + impl Counter {
LL + fn inspect<'a>(&'a self) -> u8 {
LL +     self.value
LL + }
LL + }
LL |
...
LL | fn use_inspect(counter: &Counter) -> u8 {
LL ~     let callback: fn(&Counter) -> u8 = crate::Counter::inspect;
LL ~     crate::Counter::inspect(counter) + callback(counter)
   |

warning: free function `reset` should be an inherent method on `Counter`
  --> $DIR/fix.rs:31:4
   |
LL | fn reset(counter: &mut Counter) {
   |    ^^^^^
   |
   = note: `reset` behavior is hidden in the module namespace instead of being discoverable through `Counter`
help: move the function into an inherent impl and update its uses
   |
LL + impl Counter {
LL + fn reset(&mut self) {
LL +     self.value = 0;
LL + }
LL + }
   |

warning: free function `unwrap` should be an inherent method on `Generic`
  --> $DIR/fix.rs:36:4
   |
LL | fn unwrap<T>(item: Generic<T>) -> T {
   |    ^^^^^^
   |
   = note: `unwrap` behavior is hidden in the module namespace instead of being discoverable through `Generic`
help: move the function into an inherent impl and update its uses
   |
LL + impl<T> Generic<T> {
LL + fn unwrap(self) -> T {
LL +     self.0
LL + }
LL + }
   |

warning: free function `use_inspect` should be an inherent method on `Counter`
  --> $DIR/fix.rs:41:4
   |
LL | fn use_inspect(counter: &Counter) -> u8 {
   |    ^^^^^^^^^^^
   |
   = note: `use_inspect` behavior is hidden in the module namespace instead of being discoverable through `Counter`
   = help: move `use_inspect` into an `impl Counter` block and replace its first parameter with `&self`

warning: 5 warnings emitted

