warning: free function `public` should be an inherent method on `Unit`
  --> $DIR/no_fix.rs:15:8
   |
LL | pub fn public(item: Unit) {}
   |        ^^^^^^
   |
   = help: move `public` into an `impl Unit` block and replace its first parameter with `self`
   = note: `#[warn(method_like_free_functions)]` on by default

warning: free function `attributed` should be an inherent method on `Unit`
  --> $DIR/no_fix.rs:18:4
   |
LL | fn attributed(item: Unit) {}
   |    ^^^^^^^^^^
   |
   = help: move `attributed` into an `impl Unit` block and replace its first parameter with `self`

warning: free function `destructured` should be an inherent method on `Item`
  --> $DIR/no_fix.rs:21:4
   |
LL | fn destructured(Item(value): Item<u8>) {}
   |    ^^^^^^^^^^^^
   |
   = help: move `destructured` into an `impl Item` block and replace its first parameter with `self`

warning: free function `constrained` should be an inherent method on `Item`
  --> $DIR/no_fix.rs:24:4
   |
LL | fn constrained<T: Clone>(item: Item<T>) {}
   |    ^^^^^^^^^^^
   |
   = help: move `constrained` into an `impl Item` block and replace its first parameter with `self`

warning: free function `alias_reference` should be an inherent method on `Unit`
  --> $DIR/no_fix.rs:28:4
   |
LL | fn alias_reference(item: UnitRef<'_>) {}
   |    ^^^^^^^^^^^^^^^
   |
   = help: move `alias_reference` into an `impl Unit` block and replace its first parameter with `&self`

warning: free function `imported` should be an inherent method on `Unit`
  --> $DIR/no_fix.rs:32:4
   |
LL | fn imported(item: Unit) {}
   |    ^^^^^^^^
   |
   = help: move `imported` into an `impl Unit` block and replace its first parameter with `self`

warning: free function `duplicate` should be an inherent method on `Unit`
  --> $DIR/no_fix.rs:34:4
   |
LL | fn duplicate(item: &Unit) {
   |    ^^^^^^^^^
   |
   = help: remove this wrapper or choose a name other than the existing `duplicate` method

warning: 7 warnings emitted

