warning: inherent impl items are not in dependency-first order
  --> $DIR/semantic.rs:12:5
   |
LL | /     fn render(&self) {
LL | |         self.prepare();
LL | |     }
   | |_____^ first item out of order
   |
   = note: the first misplaced item forces readers to search forward; the resolved dependency-first order is `Output`, `LIMIT`, `new`, `helper`, `prepare`, `render`
note: the lint level is defined here
  --> $DIR/semantic.rs:7:9
   |
LL | #![warn(rlib::misordered_inherent_impl_items)]
   |         ^^^^^^^^^^^^^^^^^^^^^^^^^^^^^^^^^^^^
help: move associated items into this order: `Output`, `LIMIT`, `new`, `helper`, `prepare`, `render`
   |
LL ~     type Output = Self;
LL |
LL ~     const LIMIT: usize = 4;
LL |
...
LL |
LL ~     fn helper() {}
LL |
LL ~     fn prepare(&self) {}
LL |
LL ~     fn render(&self) {
LL +         self.prepare();
LL +     }
   |

warning: inherent impl items are not in dependency-first order
  --> $DIR/semantic.rs:33:5
   |
LL |     fn helper() {}
   |     ^^^^^^^^^^^^^^ first item out of order
   |
   = note: the first misplaced item forces readers to search forward; the resolved dependency-first order is `new`, `helper`
help: move associated items into this order: `new`, `helper`
   |
LL ~     fn new() -> NamedWidget {
LL +         NamedWidget
LL +     }
LL |
LL ~     fn helper() {}
   |

warning: 2 warnings emitted

