warning: `compare` defines canonical-looking ordering for `Version` outside `Ord`
  --> $DIR/semantic.rs:9:5
   |
LL |     fn compare(&self, other: &Self) -> Ordering {
   |     ^^^^^^^^^^^-----^^------------^^^^^^^^^^^^^
   |                |      |
   |                |      second value in the same relation
   |                first value in the inferred ordering relation
LL |         self.0.cmp(&other.0)
   |         -------------------- both values determine this ordering result
   |
   = note: canonical ordering controls sorting, ordered collections, min/max operations, and equality coherence for `Version`; detached comparators can silently disagree
   = help: if this is the canonical relation, implement `Ord` for `Version` and keep its equality stack consistent; otherwise name the ordering context or introduce a wrapper type
note: the lint level is defined here
  --> $DIR/semantic.rs:1:9
   |
LL | #![warn(rlib::ad_hoc_ordering)]
   |         ^^^^^^^^^^^^^^^^^^^^^

warning: `partial_compare_score` defines canonical-looking ordering for `Score` outside `PartialOrd`
  --> $DIR/semantic.rs:16:1
   |
LL | fn partial_compare_score(left: &Score, right: &Score) -> Option<Ordering> {
   | ^^^^^^^^^^^^^^^^^^^^^^^^^------------^^-------------^^^^^^^^^^^^^^^^^^^^^
   |                          |             |
   |                          |             second value in the same relation
   |                          first value in the inferred ordering relation
LL |     Some(left.0.cmp(&right.0))
   |          -------------------- both values determine this ordering result
   |
   = note: canonical ordering controls sorting, ordered collections, min/max operations, and equality coherence for `Score`; detached comparators can silently disagree
   = help: if this is the canonical relation, implement `PartialOrd` for `Score` and keep its equality stack consistent; otherwise name the ordering context or introduce a wrapper type

warning: `compare` is one of 2 APIs competing to define ordering for `Ambiguous`
  --> $DIR/semantic.rs:23:5
   |
LL |     fn compare(&self, other: &Self) -> Ordering {
   |     ^^^^^^^^^^^-----^^------------^^^^^^^^^^^^^
   |                |      |
   |                |      second value in the same relation
   |                first value in the inferred ordering relation
LL |         self.0.cmp(&other.0)
   |         -------------------- both values determine this ordering result
   |
   = note: canonical ordering controls sorting, ordered collections, min/max operations, and equality coherence for `Ambiguous`; detached comparators can silently disagree
   = help: select one lawful `Ord` relation for `Ambiguous` and represent display, priority, version, or key orderings with explicit names or wrapper types

warning: `cmp` is one of 2 APIs competing to define ordering for `Ambiguous`
  --> $DIR/semantic.rs:27:5
   |
LL |     fn cmp(&self, other: &Self) -> Ordering {
   |     ^^^^^^^-----^^------------^^^^^^^^^^^^^
   |            |      |
   |            |      second value in the same relation
   |            first value in the inferred ordering relation
LL |         self.0.cmp(&other.0)
   |         -------------------- both values determine this ordering result
   |
   = note: canonical ordering controls sorting, ordered collections, min/max operations, and equality coherence for `Ambiguous`; detached comparators can silently disagree
   = help: select one lawful `Ord` relation for `Ambiguous` and represent display, priority, version, or key orderings with explicit names or wrapper types

warning: `compare` defines canonical-looking ordering for `TotalFloat` outside `Ord`
  --> $DIR/semantic.rs:51:5
   |
LL |     fn compare(&self, other: &Self) -> Ordering {
   |     ^^^^^^^^^^^-----^^------------^^^^^^^^^^^^^
   |                |      |
   |                |      second value in the same relation
   |                first value in the inferred ordering relation
LL |         self.0.total_cmp(&other.0)
   |         -------------------------- both values determine this ordering result
   |
   = note: canonical ordering controls sorting, ordered collections, min/max operations, and equality coherence for `TotalFloat`; detached comparators can silently disagree
   = help: if this is the canonical relation, implement `Ord` for `TotalFloat` and keep its equality stack consistent; otherwise name the ordering context or introduce a wrapper type

warning: `compare` defines canonical-looking ordering for `AliasedTotalFloat` outside `Ord`
  --> $DIR/semantic.rs:60:5
   |
LL |     fn compare(&self, other: &Self) -> Ordering {
   |     ^^^^^^^^^^^-----^^------------^^^^^^^^^^^^^
   |                |      |
   |                |      second value in the same relation
   |                first value in the inferred ordering relation
LL |         let ordering = self.0.total_cmp(&other.0);
   |                        -------------------------- both values determine this ordering result
   |
   = note: canonical ordering controls sorting, ordered collections, min/max operations, and equality coherence for `AliasedTotalFloat`; detached comparators can silently disagree
   = help: if this is the canonical relation, implement `Ord` for `AliasedTotalFloat` and keep its equality stack consistent; otherwise name the ordering context or introduce a wrapper type

warning: `compare` defines canonical-looking ordering for `EarlyOrdering` outside `Ord`
  --> $DIR/semantic.rs:69:5
   |
LL |     fn compare(&self, other: &Self) -> Ordering {
   |     ^^^^^^^^^^^-----^^------------^^^^^^^^^^^^^
   |                |      |
   |                |      second value in the same relation
   |                first value in the inferred ordering relation
LL |         return self.0.cmp(&other.0);
   |                -------------------- both values determine this ordering result
   |
   = note: canonical ordering controls sorting, ordered collections, min/max operations, and equality coherence for `EarlyOrdering`; detached comparators can silently disagree
   = help: if this is the canonical relation, implement `Ord` for `EarlyOrdering` and keep its equality stack consistent; otherwise name the ordering context or introduce a wrapper type

warning: `compare` implements ordering for `CompetingOwned` separately from its `Ord` contract
  --> $DIR/semantic.rs:119:5
   |
LL |     fn compare(&self, other: &Self) -> Ordering {
   |     ^^^^^^^^^^^-----^^------------^^^^^^^^^^^^^
   |                |      |
   |                |      second value in the same relation
   |                first value in the inferred ordering relation
LL |         self.0.cmp(&other.0)
   |         -------------------- both values determine this ordering result
   |
   = note: canonical ordering controls sorting, ordered collections, min/max operations, and equality coherence for `CompetingOwned`; detached comparators can silently disagree
   = help: delegate to `CompetingOwned`'s `Ord` implementation or make this distinct ordering explicit; do not let `cmp == Equal` disagree with canonical equality

warning: 8 warnings emitted

