warning: this 8-line code phase has no explanatory comment
  --> $DIR/semantic.rs:64:5
   |
LL | /     let _one = 1;
LL | |     let _two = 2;
LL | |     let _three = 3;
LL | |     let _four = 4;
...  |
LL | |     let _seven = 7;
LL | |     let _eight = 8;
   | |___________________^
   |
   = note: visible phase boundaries should name a real transition, and each named phase should remain small enough to follow
   = help: replace the blank-line boundary with a concise `//` explanation or extract a named operation
note: the lint level is defined here
  --> $DIR/semantic.rs:1:9
   |
LL | #![warn(missing_code_phase_comments)]
   |         ^^^^^^^^^^^^^^^^^^^^^^^^^^^

warning: this code phase contains 8 lines, exceeding the configured maximum of 7
  --> $DIR/semantic.rs:115:5
   |
LL | /     let _one = 1;
LL | |     let _two = 2;
LL | |     let _three = 3;
LL | |     let _four = 4;
...  |
LL | |     let _seven = 7;
LL | |     let _eight = 8;
   | |___________________^
   |
   = note: visible phase boundaries should name a real transition, and each named phase should remain small enough to follow
   = help: extract a named operation; add another phase only when the work has a separate responsibility

warning: 2 warnings emitted

