warning: impl blocks for `EarlyMovable` should immediately follow its definition
  --> $DIR/fix.rs:12:1
   |
LL | impl EarlyMovable {}
   | -------------------- this impl is outside `EarlyMovable`'s impl group
LL |
LL | struct EarlyMovable;
   | ^^^^^^^^^^^^^^^^^^^^
   |
   = note: keeping this direct impl block adjacent lets readers and tools understand `EarlyMovable` without searching the module
   = note: `#[warn(rlib::non_adjacent_struct_impls)]` on by default
help: move this impl block immediately after `EarlyMovable`
   |
LL + 
LL |
LL ~ struct EarlyMovable;
LL + 
LL + impl EarlyMovable {}
   |

warning: impl blocks for `Movable` should immediately follow its definition
  --> $DIR/fix.rs:14:1
   |
LL |   struct Movable;
   |   ^^^^^^^^^^^^^^^
...
LL | / impl Movable {
LL | |     fn value(&self) -> u8 {
LL | |         1
LL | |     }
LL | | }
   | |_- this impl is outside `Movable`'s impl group
   |
   = note: keeping this direct impl block adjacent lets readers and tools understand `Movable` without searching the module
help: move this impl block immediately after `Movable`
   |
LL ~ struct Movable;
LL + 
LL + impl Movable {
LL +     fn value(&self) -> u8 {
LL +         1
LL +     }
LL + }
   |

warning: impl blocks for `Multiple` should immediately follow its definition
  --> $DIR/fix.rs:24:1
   |
LL | struct Multiple;
   | ^^^^^^^^^^^^^^^^
...
LL | impl Multiple {}
   | ---------------- this impl is outside `Multiple`'s impl group
   |
   = note: keeping all 2 direct impl blocks adjacent lets readers and tools understand `Multiple` without searching the module
help: move all 2 impl blocks immediately after `Multiple`
   |
LL ~ struct Multiple;
LL + 
LL + impl Multiple {}
LL + 
LL + impl Behavior for Multiple {}
   |

warning: impl blocks for `Split` should immediately follow its definition
  --> $DIR/fix.rs:32:1
   |
LL | struct Split;
   | ^^^^^^^^^^^^^
...
LL | impl Behavior for Split {}
   | -------------------------- this impl is outside `Split`'s impl group
   |
   = note: keeping all 2 direct impl blocks adjacent lets readers and tools understand `Split` without searching the module
help: move all 2 impl blocks immediately after `Split`
   |
LL ~ struct Split;
LL + 
LL + impl Split {}
LL + 
LL + impl Behavior for Split {}
LL |
LL + 
   |

warning: 4 warnings emitted

