warning: impl blocks for `Delayed` should immediately follow its definition
  --> $DIR/semantic.rs:42:1
   |
LL | struct Delayed;
   | ^^^^^^^^^^^^^^^
...
LL | impl Delayed {}
   | --------------- this impl is outside `Delayed`'s impl group
   |
   = note: keeping this direct impl block adjacent lets readers and tools understand `Delayed` without searching the module
   = note: automatic migration is withheld because a nearby comment may belong to the impl block
   = help: move this impl block immediately after `Delayed`
   = note: requested on the command line with `-W rlib::non-adjacent-struct-impls`

warning: impl blocks for `Early` should immediately follow its definition
  --> $DIR/semantic.rs:51:1
   |
LL | impl Early {}
   | ------------- this impl is outside `Early`'s impl group
LL |
LL | struct Early;
   | ^^^^^^^^^^^^^
   |
   = note: keeping this direct impl block adjacent lets readers and tools understand `Early` without searching the module
   = note: automatic migration is withheld because a nearby comment may belong to the impl block
   = help: move this impl block immediately after `Early`

warning: impl blocks for `Split` should immediately follow its definition
  --> $DIR/semantic.rs:54:1
   |
LL | struct Split;
   | ^^^^^^^^^^^^^
...
LL | impl Behavior for Split {}
   | -------------------------- this impl is outside `Split`'s impl group
   |
   = note: keeping all 2 direct impl blocks adjacent lets readers and tools understand `Split` without searching the module
   = note: automatic migration is withheld because a nearby comment may belong to the impl block
   = help: move all 2 impl blocks immediately after `Split`

warning: impl blocks for `FromLocalMacro` should immediately follow its definition
  --> $DIR/semantic.rs:81:9
   |
LL |         struct FromLocalMacro;
   |         ^^^^^^^^^^^^^^^^^^^^^^
LL |         fn local_separator() {}
LL |         impl FromLocalMacro {}
   |         ---------------------- this impl is outside `FromLocalMacro`'s impl group
...
LL | local_layout!();
   | --------------- in this macro invocation
   |
   = note: keeping this direct impl block adjacent lets readers and tools understand `FromLocalMacro` without searching the module
   = note: automatic migration is unavailable because expanded source has no single authored edit location
   = help: move this impl block immediately after `FromLocalMacro`
   = note: this warning originates in the macro `local_layout` (in Nightly builds, run with -Z macro-backtrace for more info)

warning: 4 warnings emitted

