warning: `next_token` advances `TokenStream` as an ad hoc iterator over `Token`
  --> $DIR/semantic.rs:13:8
   |
LL |     fn next_token(&mut self) -> Option<Token> {
   |        ^^^^^^^^^^ --------- persistent traversal state is mutated here
LL |         let token = self.tokens.get(self.cursor)?.clone();
LL |         self.cursor += 1;
   |         ---------------- this operation advances that state
   |
   = note: the mutable receiver, persistent state advance, and `Option<Token>` exhaustion contract form Rust's standard `Iterator::next` protocol; keeping it named hides adapters, `for`, collection, and generic consumption
   = help: implement `Iterator<Item = Token>` for `TokenStream` and move this state transition into `next`; if `TokenStream` must remain reusable, move the cursor into a dedicated iterator type instead
note: the lint level is defined here
  --> $DIR/semantic.rs:1:9
   |
LL | #![warn(rlib::ad_hoc_iterators)]
   |         ^^^^^^^^^^^^^^^^^^^^^^

warning: `next_token` advances `DelegatingStream` as an ad hoc iterator over `Token`
  --> $DIR/semantic.rs:25:8
   |
LL |     fn next_token(&mut self) -> Option<Token> {
   |        ^^^^^^^^^^ --------- persistent traversal state is mutated here
LL |         self.inner.next()
   |         ----------------- this operation advances that state
   |
   = note: the mutable receiver, persistent state advance, and `Option<Token>` exhaustion contract form Rust's standard `Iterator::next` protocol; keeping it named hides adapters, `for`, collection, and generic consumption
   = help: implement `Iterator<Item = Token>` for `DelegatingStream` and move this state transition into `next`; if `DelegatingStream` must remain reusable, move the cursor into a dedicated iterator type instead

warning: `take_token` advances `EarlyDelegatingStream` as an ad hoc iterator over `Token`
  --> $DIR/semantic.rs:35:8
   |
LL |     fn take_token(&mut self) -> Option<Token> {
   |        ^^^^^^^^^^ --------- persistent traversal state is mutated here
LL |         return self.inner.next();
   |                ----------------- this operation advances that state
   |
   = note: the mutable receiver, persistent state advance, and `Option<Token>` exhaustion contract form Rust's standard `Iterator::next` protocol; keeping it named hides adapters, `for`, collection, and generic consumption
   = help: implement `Iterator<Item = Token>` for `EarlyDelegatingStream` and move this state transition into `next`; if `EarlyDelegatingStream` must remain reusable, move the cursor into a dedicated iterator type instead

warning: 3 warnings emitted

