warning: free function `public` should be an inherent method on `Unit`
  --> $DIR/no_fix.rs:17:8
   |
LL | pub fn public(item: Unit) {}
   |        ^^^^^^
   |
   = note: `public` behavior is hidden in the module namespace instead of being discoverable through `Unit`
   = help: move `public` into an `impl Unit` block and replace its first parameter with `self`
   = note: requested on the command line with `-W rlib::method-like-free-functions`

warning: free function `attributed` should be an inherent method on `Unit`
  --> $DIR/no_fix.rs:20:4
   |
LL | fn attributed(item: Unit) {}
   |    ^^^^^^^^^^
   |
   = note: `attributed` behavior is hidden in the module namespace instead of being discoverable through `Unit`
   = help: move `attributed` into an `impl Unit` block and replace its first parameter with `self`

warning: free function `destructured` should be an inherent method on `Item`
  --> $DIR/no_fix.rs:23:4
   |
LL | fn destructured(Item(value): Item<u8>) {}
   |    ^^^^^^^^^^^^
   |
   = note: `destructured` behavior is hidden in the module namespace instead of being discoverable through `Item`
   = help: move `destructured` into an `impl Item` block and replace its first parameter with `self`

warning: free function `constrained` should be an inherent method on `Item`
  --> $DIR/no_fix.rs:26:4
   |
LL | fn constrained<T: Clone>(item: Item<T>) {}
   |    ^^^^^^^^^^^
   |
   = note: `constrained` behavior is hidden in the module namespace instead of being discoverable through `Item`
   = help: move `constrained` into an `impl Item` block and replace its first parameter with `self`

warning: free function `unrelated_generic` should be an inherent method on `Token`
  --> $DIR/no_fix.rs:29:4
   |
LL | fn unrelated_generic<T>(item: Token) {}
   |    ^^^^^^^^^^^^^^^^^
   |
   = note: `unrelated_generic` behavior is hidden in the module namespace instead of being discoverable through `Token`
   = help: move `unrelated_generic` into an `impl Token` block and replace its first parameter with `self`

warning: free function `alias_reference` should be an inherent method on `Unit`
  --> $DIR/no_fix.rs:34:4
   |
LL | fn alias_reference(item: UnitRef<'_>) {}
   |    ^^^^^^^^^^^^^^^
   |
   = note: `alias_reference` behavior is hidden in the module namespace instead of being discoverable through `Unit`
   = help: move `alias_reference` into an `impl Unit` block and replace its first parameter with `&self`

warning: free function `imported` should be an inherent method on `Unit`
  --> $DIR/no_fix.rs:38:4
   |
LL | fn imported(item: Unit) {}
   |    ^^^^^^^^
   |
   = note: `imported` behavior is hidden in the module namespace instead of being discoverable through `Unit`
   = help: move `imported` into an `impl Unit` block and replace its first parameter with `self`

warning: free function `duplicate` should be an inherent method on `Unit`
  --> $DIR/no_fix.rs:40:4
   |
LL | fn duplicate(item: &Unit) {
   |    ^^^^^^^^^
   |
   = note: `duplicate` behavior is hidden in the module namespace instead of being discoverable through `Unit`
   = help: remove this wrapper or choose a name other than the existing `duplicate` method

warning: 8 warnings emitted

