warning: free function `consume` should be an inherent method on `Item`
  --> $DIR/semantic.rs:20:4
   |
LL | fn consume(item: Item<u8>) {}
   |    ^^^^^^^
   |
   = note: `consume` behavior is hidden in the module namespace instead of being discoverable through `Item`
   = note: requested on the command line with `-W rlib::method-like-free-functions`
help: move the function into an inherent impl and update its uses
   |
LL + impl Item<u8> {
LL + fn consume(self) {}
LL + }
   |

warning: free function `inspect` should be an inherent method on `Item`
  --> $DIR/semantic.rs:22:4
   |
LL | fn inspect(item: &Item<u8>) {}
   |    ^^^^^^^
   |
   = note: `inspect` behavior is hidden in the module namespace instead of being discoverable through `Item`
help: move the function into an inherent impl and update its uses
   |
LL + impl Item<u8> {
LL + fn inspect(&self) {}
LL + }
   |

warning: free function `mutate` should be an inherent method on `Item`
  --> $DIR/semantic.rs:24:4
   |
LL | fn mutate(item: &mut ItemAlias<u8>) {}
   |    ^^^^^^
   |
   = note: `mutate` behavior is hidden in the module namespace instead of being discoverable through `Item`
   = help: move `mutate` into an `impl Item` block and replace its first parameter with `&mut self`

warning: free function `inspect_alias` should be an inherent method on `Item`
  --> $DIR/semantic.rs:26:4
   |
LL | fn inspect_alias(item: ItemRef<'_>) {}
   |    ^^^^^^^^^^^^^
   |
   = note: `inspect_alias` behavior is hidden in the module namespace instead of being discoverable through `Item`
   = help: move `inspect_alias` into an `impl Item` block and replace its first parameter with `&self`

warning: free function `inspect_async` should be an inherent method on `Item`
  --> $DIR/semantic.rs:29:10
   |
LL | async fn inspect_async(item: &Item<u8>) {}
   |          ^^^^^^^^^^^^^
   |
   = note: `inspect_async` behavior is hidden in the module namespace instead of being discoverable through `Item`
   = help: move `inspect_async` into an `impl Item` block and replace its first parameter with `&self`

warning: free function `inspect_const` should be an inherent method on `Item`
  --> $DIR/semantic.rs:31:10
   |
LL | const fn inspect_const(item: &Item<u8>) {}
   |          ^^^^^^^^^^^^^
   |
   = note: `inspect_const` behavior is hidden in the module namespace instead of being discoverable through `Item`
help: move the function into an inherent impl and update its uses
   |
LL + impl Item<u8> {
LL + const fn inspect_const(&self) {}
LL + }
   |

warning: free function `inspect_unsafe` should be an inherent method on `Item`
  --> $DIR/semantic.rs:33:11
   |
LL | unsafe fn inspect_unsafe(item: &Item<u8>) {}
   |           ^^^^^^^^^^^^^^
   |
   = note: `inspect_unsafe` behavior is hidden in the module namespace instead of being discoverable through `Item`
help: move the function into an inherent impl and update its uses
   |
LL + impl Item<u8> {
LL + unsafe fn inspect_unsafe(&self) {}
LL + }
   |

warning: free function `inspect_rust_abi` should be an inherent method on `Item`
  --> $DIR/semantic.rs:35:18
   |
LL | extern "Rust" fn inspect_rust_abi(item: &Item<u8>) {}
   |                  ^^^^^^^^^^^^^^^^
   |
   = note: `inspect_rust_abi` behavior is hidden in the module namespace instead of being discoverable through `Item`
help: move the function into an inherent impl and update its uses
   |
LL + impl Item<u8> {
LL + extern "Rust" fn inspect_rust_abi(&self) {}
LL + }
   |

warning: free function `inspect_tuple` should be an inherent method on `Tuple`
  --> $DIR/semantic.rs:54:4
   |
LL | fn inspect_tuple(value: &Tuple) {}
   |    ^^^^^^^^^^^^^
   |
   = note: `inspect_tuple` behavior is hidden in the module namespace instead of being discoverable through `Tuple`
help: move the function into an inherent impl and update its uses
   |
LL + impl Tuple {
LL + fn inspect_tuple(&self) {}
LL + }
   |

warning: free function `inspect_unit` should be an inherent method on `Unit`
  --> $DIR/semantic.rs:56:4
   |
LL | fn inspect_unit(value: &Unit) {}
   |    ^^^^^^^^^^^^
   |
   = note: `inspect_unit` behavior is hidden in the module namespace instead of being discoverable through `Unit`
help: move the function into an inherent impl and update its uses
   |
LL + impl Unit {
LL + fn inspect_unit(&self) {}
LL + }
   |

warning: free function `execute` should be an inherent method on `Wrapper`
  --> $DIR/semantic.rs:65:4
   |
LL | fn execute(value: &Wrapper) {
   |    ^^^^^^^
   |
   = note: `execute` behavior is hidden in the module namespace instead of being discoverable through `Wrapper`
   = help: remove this wrapper or choose a name other than the existing `execute` method

warning: free function `from_local_macro` should be an inherent method on `Unit`
  --> $DIR/semantic.rs:72:12
   |
LL |         fn from_local_macro(value: &Unit) {
   |            ^^^^^^^^^^^^^^^^
...
LL | local_function!();
   | ----------------- in this macro invocation
   |
   = note: `from_local_macro` behavior is hidden in the module namespace instead of being discoverable through `Unit`
   = help: move `from_local_macro` into an `impl Unit` block and replace its first parameter with `&self`
   = note: this warning originates in the macro `local_function` (in Nightly builds, run with -Z macro-backtrace for more info)

warning: 12 warnings emitted

