warning: visible free function `inspect_item` behaves like an extension method on `ExternalItem`
  --> $DIR/semantic.rs:21:8
   |
LL | pub fn inspect_item(ambient: &Ambient, item: &ExternalItem) {}
   |        ^^^^^^^^^^^^                    ------------------- `ExternalItem` is the inferred semantic owner
   |
   = note: `ExternalItem` is the only non-ambient foreign parameter, so callers must discover its operation in a helper namespace instead of through the type it extends
   = note: excluded `Ambient` as ambient infrastructure because it recurs beside distinct nominal subjects in this crate
   = help: define a focused local extension trait for `ExternalItem` and colocate this operation with its impl
note: the lint level is defined here
  --> $DIR/semantic.rs:4:9
   |
LL | #![warn(foreign_type_method_like_free_functions)]
   |         ^^^^^^^^^^^^^^^^^^^^^^^^^^^^^^^^^^^^^^^

warning: visible free function `inspect_type` behaves like an extension method on `ExternalType`
  --> $DIR/semantic.rs:22:15
   |
LL | pub(crate) fn inspect_type(ambient: &Ambient, ty: &ExternalType) {}
   |               ^^^^^^^^^^^^                    ----------------- `ExternalType` is the inferred semantic owner
   |
   = note: `ExternalType` is the only non-ambient foreign parameter, so callers must discover its operation in a helper namespace instead of through the type it extends
   = note: excluded `Ambient` as ambient infrastructure because it recurs beside distinct nominal subjects in this crate
   = help: define a focused local extension trait for `ExternalType` and colocate this operation with its impl

warning: visible free function `register_document` exposes foreign behavior without a clear owner
  --> $DIR/semantic.rs:26:8
   |
LL | pub fn register_document(registry: &Registry, document: &Document) {}
   |        ^^^^^^^^^^^^^^^^^ -------------------  ------------------- `Document` remains a plausible owner
   |                          |
   |                          `Registry` remains a plausible owner
   |
   = note: foreign parameter types `Registry`, `Document` compete for ownership, so the API does not reveal which concept owns the operation
   = help: choose one semantic subject and define a focused extension trait, or introduce a domain object that owns the operation

warning: visible free function `inspect` behaves like an extension method on `ExternalItem`
  --> $DIR/semantic.rs:29:8
   |
LL | pub fn inspect(item: &ExternalItem) {}
   |        ^^^^^^^ ------------------- `ExternalItem` is the inferred semantic owner
   |
   = note: `ExternalItem` is the only non-ambient foreign parameter, so callers must discover its operation in a helper namespace instead of through the type it extends
   = help: define a focused local extension trait for `ExternalItem` and colocate this operation with its impl

warning: visible free function `inspect_alias` behaves like an extension method on `ExternalItem`
  --> $DIR/semantic.rs:30:8
   |
LL | pub fn inspect_alias(item: &ItemAlias) {}
   |        ^^^^^^^^^^^^^ ---------------- `ExternalItem` is the inferred semantic owner
   |
   = note: `ExternalItem` is the only non-ambient foreign parameter, so callers must discover its operation in a helper namespace instead of through the type it extends
   = help: define a focused local extension trait for `ExternalItem` and colocate this operation with its impl

warning: visible free function `inspect_repeated` behaves like an extension method on `ExternalItem`
  --> $DIR/semantic.rs:31:8
   |
LL | pub fn inspect_repeated(item: &ExternalItem, duplicate: &ExternalItem) {}
   |        ^^^^^^^^^^^^^^^^ ------------------- `ExternalItem` is the inferred semantic owner
   |
   = note: `ExternalItem` is the only non-ambient foreign parameter, so callers must discover its operation in a helper namespace instead of through the type it extends
   = help: define a focused local extension trait for `ExternalItem` and colocate this operation with its impl

warning: visible free function `generated_locally` behaves like an extension method on `ExternalType`
  --> $DIR/semantic.rs:39:16
   |
LL |         pub fn generated_locally(item: &ExternalType) {}
   |                ^^^^^^^^^^^^^^^^^ ------------------- `ExternalType` is the inferred semantic owner
...
LL | local_helper!();
   | --------------- in this macro invocation
   |
   = note: `ExternalType` is the only non-ambient foreign parameter, so callers must discover its operation in a helper namespace instead of through the type it extends
   = help: define a focused local extension trait for `ExternalType` and colocate this operation with its impl
   = note: this warning originates in the macro `local_helper` (in Nightly builds, run with -Z macro-backtrace for more info)

warning: visible free function `super_visible` behaves like an extension method on `ExternalType`
  --> $DIR/semantic.rs:59:19
   |
LL |     pub(super) fn super_visible(ty: &ExternalType) {}
   |                   ^^^^^^^^^^^^^ ----------------- `ExternalType` is the inferred semantic owner
   |
   = note: `ExternalType` is the only non-ambient foreign parameter, so callers must discover its operation in a helper namespace instead of through the type it extends
   = help: define a focused local extension trait for `ExternalType` and colocate this operation with its impl

warning: visible free function `crate_visible` behaves like an extension method on `Document`
  --> $DIR/semantic.rs:60:22
   |
LL |     pub(in crate) fn crate_visible(document: &Document) {}
   |                      ^^^^^^^^^^^^^ ------------------- `Document` is the inferred semantic owner
   |
   = note: `Document` is the only non-ambient foreign parameter, so callers must discover its operation in a helper namespace instead of through the type it extends
   = help: define a focused local extension trait for `Document` and colocate this operation with its impl

warning: 9 warnings emitted

