warning: this conversion turns `Failure` failures into an indistinguishable absence
  --> $DIR/semantic.rs:26:5
   |
LL |     fail().ok()
   |     ------^^^^^
   |     |
   |     this Result still carries failure context
   |
   = note: the resulting `Option<std::string::String>` cannot distinguish an absent value from a failed operation or explain the lost `Failure`
   = help: preserve the Result, or match both variants explicitly where failure is intentionally translated into absence
note: the lint level is defined here
  --> $DIR/semantic.rs:1:9
   |
LL | #![warn(results_converted_to_options)]
   |         ^^^^^^^^^^^^^^^^^^^^^^^^^^^^

warning: this conversion turns `Failure` failures into an indistinguishable absence
  --> $DIR/semantic.rs:30:5
   |
LL |     Result::ok(fail())
   |     ^^^^^^^^^^^------^
   |                |
   |                this Result still carries failure context
   |
   = note: the resulting `Option<std::string::String>` cannot distinguish an absent value from a failed operation or explain the lost `Failure`
   = help: preserve the Result, or match both variants explicitly where failure is intentionally translated into absence

warning: this conversion turns `Failure` failures into an indistinguishable absence
  --> $DIR/semantic.rs:34:17
   |
LL |     let value = fail().ok()?;
   |                 ------^^^^^
   |                 |
   |                 this Result still carries failure context
   |
   = note: the resulting `Option<std::string::String>` cannot distinguish an absent value from a failed operation or explain the lost `Failure`
   = help: preserve the Result, or match both variants explicitly where failure is intentionally translated into absence

warning: 3 warnings emitted

