warning: `Severity` metadata is maintained manually
  --> $DIR/semantic.rs:10:9
   |
LL | /         match self {
LL | |             Self::Info => "informational",
LL | |             Self::Error => "operation failed",
LL | |         }
   | |_________^
   |
   = note: the exhaustive match selects only static metadata by variant
   = help: derive `strum::EnumMessage` and move the values onto their variants
   = note: `#[warn(rlib::strum_manual_enum_metadata)]` on by default

warning: `Status` metadata is maintained manually
  --> $DIR/semantic.rs:24:9
   |
LL | /         match self {
LL | |             Self::Ready => "ready",
LL | |             Self::Failed => "failed",
LL | |         }
   | |_________^
   |
   = note: the exhaustive match selects only static metadata by variant
   = help: derive `strum::EnumMessage` and move the values onto their variants

warning: `PartiallyAnnotated` metadata is maintained manually
  --> $DIR/semantic.rs:47:9
   |
LL | /         match self {
LL | |             Self::Ready => "green",
LL | |             Self::Failed => "red",
LL | |         }
   | |_________^
   |
   = note: the exhaustive match selects only static metadata by variant
   = help: derive `strum::EnumProperty` and move the values onto their variants

warning: 3 warnings emitted

