warning: this tuple struct has multiple positional fields
  --> $DIR/semantic.rs:6:1
   |
LL | struct Rename(Span, String);
   | ^^^^^^^^^^^^^^^^^^^^^^^^^^^^
   |
   = note: constructors and patterns rely on ordering, so component roles remain implicit at every use site
   = help: use record fields whose names explain each component's semantic role
note: the lint level is defined here
  --> $DIR/semantic.rs:1:9
   |
LL | #![warn(positional_aggregate_fields)]
   |         ^^^^^^^^^^^^^^^^^^^^^^^^^^^

warning: this tuple struct has multiple positional fields
  --> $DIR/semantic.rs:8:1
   |
LL | struct Coordinates(i32, i32, i32);
   | ^^^^^^^^^^^^^^^^^^^^^^^^^^^^^^^^^^
   |
   = note: constructors and patterns rely on ordering, so component roles remain implicit at every use site
   = help: use record fields whose names explain each component's semantic role

warning: this tuple-like enum variant has multiple positional fields
  --> $DIR/semantic.rs:13:5
   |
LL |     Replacement(Span, String),
   |     ^^^^^^^^^^^^^^^^^^^^^^^^^
   |
   = note: constructors and patterns rely on ordering, so component roles remain implicit at every use site
   = help: use record fields whose names explain each component's semantic role

warning: 3 warnings emitted

