warning: `Event` generates an externally serialized discriminant schema
  --> $DIR/semantic.rs:7:1
   |
LL | / enum Event {
LL | |     Created(String),
LL | |     Deleted(u64),
LL | | }
   | |_^
   |
   = note: the generated schema evolves automatically with the payload enum and cannot version independently
   = help: use an authored schema enum with explicit conversions when compatibility is independent
   = note: requested on the command line with `-W rlib::strum-divergent-discriminant-contracts`

warning: `InputEvent` generates an externally serialized discriminant schema
  --> $DIR/semantic.rs:14:1
   |
LL | / enum InputEvent {
LL | |     Created(String),
LL | |     Deleted(u64),
LL | | }
   | |_^
   |
   = note: the generated schema evolves automatically with the payload enum and cannot version independently
   = help: use an authored schema enum with explicit conversions when compatibility is independent

warning: `ManualEvent` generates an externally serialized discriminant schema
  --> $DIR/semantic.rs:20:1
   |
LL | / enum ManualEvent {
LL | |     Created(String),
LL | |     Deleted(u64),
LL | | }
   | |_^
   |
   = note: the generated schema evolves automatically with the payload enum and cannot version independently
   = help: use an authored schema enum with explicit conversions when compatibility is independent

warning: 3 warnings emitted

