warning: `UserId` has an ad hoc canonical text representation but no `Display` implementation
  --> $DIR/semantic.rs:10:5
   |
LL |     fn to_text(&self) -> String {
   |     ^^^^^^^^^^^^^^^^^^^^^^^^^^^ `to_text` contributes this representation
   |
   = note: one ordinary representation belongs in `Display`, where formatting, logging, interpolation, generic bounds, and allocation-aware writers can discover it consistently for `UserId`
   = help: implement `std::fmt::Display` for `UserId` and retain a named helper only when it adds a distinct format or policy
note: the lint level is defined here
  --> $DIR/semantic.rs:1:9
   |
LL | #![warn(rlib::ad_hoc_formatting)]
   |         ^^^^^^^^^^^^^^^^^^^^^^^

warning: `Ambiguous` has 2 competing canonical-looking text helpers
  --> $DIR/semantic.rs:18:5
   |
LL |     fn display_value(&self) -> String {
   |     ^^^^^^^^^^^^^^^^^^^^^^^^^^^^^^^^^ `display_value` contributes this representation
...
LL |     fn render_text(&self) -> String {
   |     ------------------------------- `render_text` contributes this representation
   |
   = note: one ordinary representation belongs in `Display`, where formatting, logging, interpolation, generic bounds, and allocation-aware writers can discover it consistently for `Ambiguous`
   = help: choose one ordinary `Display` representation for `Ambiguous` or rename every helper to state its distinct format or policy

warning: text helpers for `Existing` duplicate its existing `Display` representation
  --> $DIR/semantic.rs:36:5
   |
LL |     fn render_text(&self) -> String {
   |     ^^^^^^^^^^^^^^^^^^^^^^^^^^^^^^^ `render_text` contributes this representation
   |
   = note: one ordinary representation belongs in `Display`, where formatting, logging, interpolation, generic bounds, and allocation-aware writers can discover it consistently for `Existing`
   = help: remove the redundant helpers and use the existing formatting contract directly

warning: `BorrowedText` has an ad hoc canonical text representation but no `Display` implementation
  --> $DIR/semantic.rs:44:5
   |
LL |     fn display_value(&self) -> Cow<'_, str> {
   |     ^^^^^^^^^^^^^^^^^^^^^^^^^^^^^^^^^^^^^^^ `display_value` contributes this representation
   |
   = note: one ordinary representation belongs in `Display`, where formatting, logging, interpolation, generic bounds, and allocation-aware writers can discover it consistently for `BorrowedText`
   = help: implement `std::fmt::Display` for `BorrowedText` and retain a named helper only when it adds a distinct format or policy

warning: `FreeValue` has an ad hoc canonical text representation but no `Display` implementation
  --> $DIR/semantic.rs:51:1
   |
LL | fn render_free_value(value: &FreeValue) -> String {
   | ^^^^^^^^^^^^^^^^^^^^^^^^^^^^^^^^^^^^^^^^^^^^^^^^^ `render_free_value` contributes this representation
   |
   = note: one ordinary representation belongs in `Display`, where formatting, logging, interpolation, generic bounds, and allocation-aware writers can discover it consistently for `FreeValue`
   = help: implement `std::fmt::Display` for `FreeValue` and retain a named helper only when it adds a distinct format or policy

warning: `AliasedText` has an ad hoc canonical text representation but no `Display` implementation
  --> $DIR/semantic.rs:119:5
   |
LL |     fn render_text(&self) -> String {
   |     ^^^^^^^^^^^^^^^^^^^^^^^^^^^^^^^ `render_text` contributes this representation
   |
   = note: one ordinary representation belongs in `Display`, where formatting, logging, interpolation, generic bounds, and allocation-aware writers can discover it consistently for `AliasedText`
   = help: implement `std::fmt::Display` for `AliasedText` and retain a named helper only when it adds a distinct format or policy

warning: `EarlyText` has an ad hoc canonical text representation but no `Display` implementation
  --> $DIR/semantic.rs:139:5
   |
LL |     fn render_text(&self) -> String {
   |     ^^^^^^^^^^^^^^^^^^^^^^^^^^^^^^^ `render_text` contributes this representation
   |
   = note: one ordinary representation belongs in `Display`, where formatting, logging, interpolation, generic bounds, and allocation-aware writers can discover it consistently for `EarlyText`
   = help: implement `std::fmt::Display` for `EarlyText` and retain a named helper only when it adds a distinct format or policy

warning: 7 warnings emitted

