warning: this view section heading is duplicated in the same scope
  --> $DIR/semantic.rs:13:13
   |
LL |             // Account content
   |             ------------------ first used here
...
LL |             // Account content
   |             ^^^^^^^^^^^^^^^^^^ repeated heading
   |
   = note: repeated names make distinct interface regions difficult to tell apart
   = help: rename this heading to describe the responsibility unique to its region
   = note: `#[warn(rlib::leptos_duplicate_view_section_comments)]` on by default

warning: this view section heading is duplicated in the same scope
  --> $DIR/semantic.rs:26:9
   |
LL |             // Primary navigation
   |             --------------------- first used here
...
LL |         // Primary navigation
   |         ^^^^^^^^^^^^^^^^^^^^^ repeated heading
   |
   = note: repeated names make distinct interface regions difficult to tell apart
   = help: rename this heading to describe the responsibility unique to its region

warning: 2 warnings emitted

