warning: impl blocks for `Delayed` should immediately follow its definition
  --> $DIR/semantic.rs:38:1
   |
LL | struct Delayed;
   | ^^^^^^^^^^^^^^^
LL | fn delayed_separator() {}
LL | impl Delayed {}
   | --------------- this impl is outside `Delayed`'s impl group
   |
   = help: move this impl block immediately after `Delayed`
   = note: `#[warn(non_adjacent_struct_impls)]` on by default

warning: impl blocks for `Early` should immediately follow its definition
  --> $DIR/semantic.rs:44:1
   |
LL | impl Early {}
   | ------------- this impl is outside `Early`'s impl group
LL | struct Early;
   | ^^^^^^^^^^^^^
   |
   = help: move this impl block immediately after `Early`

warning: impl blocks for `Split` should immediately follow its definition
  --> $DIR/semantic.rs:47:1
   |
LL | struct Split;
   | ^^^^^^^^^^^^^
...
LL | impl Behavior for Split {}
   | -------------------------- this impl is outside `Split`'s impl group
   |
   = help: move all 2 impl blocks immediately after `Split`

warning: impl blocks for `FromLocalMacro` should immediately follow its definition
  --> $DIR/semantic.rs:69:9
   |
LL |         struct FromLocalMacro;
   |         ^^^^^^^^^^^^^^^^^^^^^^
LL |         fn local_separator() {}
LL |         impl FromLocalMacro {}
   |         ---------------------- this impl is outside `FromLocalMacro`'s impl group
...
LL | local_layout!();
   | --------------- in this macro invocation
   |
   = help: move this impl block immediately after `FromLocalMacro`
   = note: this warning originates in the macro `local_layout` (in Nightly builds, run with -Z macro-backtrace for more info)

warning: 4 warnings emitted

