warning: module declarations are not in dependency-first order
  --> $DIR/fix.rs:9:1
   |
LL | / fn run() -> Value {
LL | |     make()
LL | | }
   | |_^ first declaration out of order
   |
   = note: expected declaration order: `Value`, `make`, `run`, `main`
note: the lint level is defined here
  --> $DIR/fix.rs:7:9
   |
LL | #![warn(enforce_module_declaration_order)]
   |         ^^^^^^^^^^^^^^^^^^^^^^^^^^^^^^^^
help: reorder these declarations
   |
LL + struct Value;
LL |
...
LL |
LL + fn run() -> Value {
LL +     make()
LL + }
   |

warning: 1 warning emitted

