warning: writable component prop `write` exposes unrestricted reactive mutation
  --> $DIR/semantic.rs:66:5
   |
LL |     write: WriteSignal<String>,
   |     ^^^^^ resolves to writable type `leptos::prelude::WriteSignal<std::string::String>`
   |
   = note: descendants can mutate parent-owned state without naming or constraining the permitted transitions
   = help: pass read-only reactive state plus intent-bearing callbacks or domain event types
   = note: `#[warn(leptos_writable_signal_component_props)]` on by default

warning: writable component prop `rw` exposes unrestricted reactive mutation
  --> $DIR/semantic.rs:67:5
   |
LL |     rw: RwSignal<String>,
   |     ^^ resolves to writable type `leptos::prelude::RwSignal<std::string::String>`
   |
   = note: descendants can mutate parent-owned state without naming or constraining the permitted transitions
   = help: pass read-only reactive state plus intent-bearing callbacks or domain event types

warning: writable component prop `arc_write` exposes unrestricted reactive mutation
  --> $DIR/semantic.rs:68:5
   |
LL |     arc_write: ArcWriteSignal<String>,
   |     ^^^^^^^^^ resolves to writable type `leptos::prelude::ArcWriteSignal<std::string::String>`
   |
   = note: descendants can mutate parent-owned state without naming or constraining the permitted transitions
   = help: pass read-only reactive state plus intent-bearing callbacks or domain event types

warning: writable component prop `arc_rw` exposes unrestricted reactive mutation
  --> $DIR/semantic.rs:69:5
   |
LL |     arc_rw: ArcRwSignal<String>,
   |     ^^^^^^ resolves to writable type `leptos::prelude::ArcRwSignal<std::string::String>`
   |
   = note: descendants can mutate parent-owned state without naming or constraining the permitted transitions
   = help: pass read-only reactive state plus intent-bearing callbacks or domain event types

warning: writable component prop `alias` exposes unrestricted reactive mutation
  --> $DIR/semantic.rs:70:5
   |
LL |     alias: Writer<String>,
   |     ^^^^^ resolves to writable type `leptos::prelude::WriteSignal<std::string::String>`
   |
   = note: descendants can mutate parent-owned state without naming or constraining the permitted transitions
   = help: pass read-only reactive state plus intent-bearing callbacks or domain event types

warning: writable component prop `store` exposes unrestricted reactive mutation
  --> $DIR/semantic.rs:71:5
   |
LL |     store: Store<String>,
   |     ^^^^^ resolves to writable type `reactive_stores::Store<std::string::String>`
   |
   = note: descendants can mutate parent-owned state without naming or constraining the permitted transitions
   = help: pass read-only reactive state plus intent-bearing callbacks or domain event types

warning: writable component prop `custom` exposes unrestricted reactive mutation
  --> $DIR/semantic.rs:72:5
   |
LL |     custom: CustomWriter<String>,
   |     ^^^^^^ resolves to writable type `CustomWriter<std::string::String>`
   |
   = note: descendants can mutate parent-owned state without naming or constraining the permitted transitions
   = help: pass read-only reactive state plus intent-bearing callbacks or domain event types

warning: writable component prop `setter` exposes unrestricted reactive mutation
  --> $DIR/semantic.rs:73:5
   |
LL |     setter: SignalSetter<String>,
   |     ^^^^^^ resolves to writable type `leptos::prelude::SignalSetter<std::string::String>`
   |
   = note: descendants can mutate parent-owned state without naming or constraining the permitted transitions
   = help: pass read-only reactive state plus intent-bearing callbacks or domain event types

warning: writable component prop `custom_setter` exposes unrestricted reactive mutation
  --> $DIR/semantic.rs:74:5
   |
LL |     custom_setter: CustomSetter<String>,
   |     ^^^^^^^^^^^^^ resolves to writable type `CustomSetter<std::string::String>`
   |
   = note: descendants can mutate parent-owned state without naming or constraining the permitted transitions
   = help: pass read-only reactive state plus intent-bearing callbacks or domain event types

warning: writable component prop `optional` exposes unrestricted reactive mutation
  --> $DIR/semantic.rs:75:5
   |
LL |     optional: Option<Option<RwSignal<String>>>,
   |     ^^^^^^^^ resolves to writable type `std::option::Option<std::option::Option<leptos::prelude::RwSignal<std::string::String>>>`
   |
   = note: descendants can mutate parent-owned state without naming or constraining the permitted transitions
   = help: pass read-only reactive state plus intent-bearing callbacks or domain event types

warning: writable component prop `writer` exposes unrestricted reactive mutation
  --> $DIR/semantic.rs:81:15
   |
LL | fn Generic<W>(writer: W) -> impl IntoView
   |               ^^^^^^ resolves to writable type `W`
   |
   = note: descendants can mutate parent-owned state without naming or constraining the permitted transitions
   = help: pass read-only reactive state plus intent-bearing callbacks or domain event types

warning: writable component prop `setter` exposes unrestricted reactive mutation
  --> $DIR/semantic.rs:89:21
   |
LL | fn GenericSetter<S>(setter: S) -> impl IntoView
   |                     ^^^^^^ resolves to writable type `S`
   |
   = note: descendants can mutate parent-owned state without naming or constraining the permitted transitions
   = help: pass read-only reactive state plus intent-bearing callbacks or domain event types

warning: writable component prop `value` exposes unrestricted reactive mutation
  --> $DIR/semantic.rs:118:16
   |
LL | fn ReadAndBind(value: RwSignal<String>) -> impl IntoView {
   |                ^^^^^ resolves to writable type `leptos::prelude::RwSignal<std::string::String>`
   |
   = note: descendants can mutate parent-owned state without naming or constraining the permitted transitions
   = help: pass read-only reactive state plus intent-bearing callbacks or domain event types

warning: writable component prop `value` exposes unrestricted reactive mutation
  --> $DIR/semantic.rs:124:19
   |
LL | fn CaptureAndBind(value: RwSignal<String>) -> impl IntoView {
   |                   ^^^^^ resolves to writable type `leptos::prelude::RwSignal<std::string::String>`
   |
   = note: descendants can mutate parent-owned state without naming or constraining the permitted transitions
   = help: pass read-only reactive state plus intent-bearing callbacks or domain event types

warning: writable component prop `value` exposes unrestricted reactive mutation
  --> $DIR/semantic.rs:132:21
   |
LL | fn MultipleBindings(value: RwSignal<String>) -> impl IntoView {
   |                     ^^^^^ resolves to writable type `leptos::prelude::RwSignal<std::string::String>`
   |
   = note: descendants can mutate parent-owned state without naming or constraining the permitted transitions
   = help: pass read-only reactive state plus intent-bearing callbacks or domain event types

warning: writable component prop `value` exposes unrestricted reactive mutation
  --> $DIR/semantic.rs:137:21
   |
LL | fn ProjectedBinding(value: RwSignal<String>) -> impl IntoView {
   |                     ^^^^^ resolves to writable type `leptos::prelude::RwSignal<std::string::String>`
   |
   = note: descendants can mutate parent-owned state without naming or constraining the permitted transitions
   = help: pass read-only reactive state plus intent-bearing callbacks or domain event types

warning: writable component prop `value` exposes unrestricted reactive mutation
  --> $DIR/semantic.rs:147:21
   |
LL | fn ForwardedToChild(value: RwSignal<String>) -> impl IntoView {
   |                     ^^^^^ resolves to writable type `leptos::prelude::RwSignal<std::string::String>`
   |
   = note: descendants can mutate parent-owned state without naming or constraining the permitted transitions
   = help: pass read-only reactive state plus intent-bearing callbacks or domain event types

warning: 17 warnings emitted

