warning: enum variant collection has multiple eligible framework resolutions
  --> $DIR/semantic.rs:16:28
   |
LL |     const ALL: [Self; 3] = [Self::Planned, Self::Running, Self::Complete];
   |                            ^^^^^^^^^^^^^^^^^^^^^^^^^^^^^^^^^^^^^^^^^^^^^^
   |
   = note: `EnumIter` exposes an iterator protocol while `VariantArray` exposes a shared static slice; dependency presence cannot choose that API policy
   = help: set `derive_resolution.enum_variant_collection` to `strum_enum_iter` or `strum_variant_array` in the `rlib-lint` Dylint table
   = note: `#[warn(framework_resolution_required)]` on by default

warning: enum variant predicates have multiple eligible framework resolutions
  --> $DIR/semantic.rs:49:9
   |
LL |         matches!(self, Self::Write(_))
   |         ^^^^^^^^^^^^^^^^^^^^^^^^^^^^^^
   |
   = note: Strum `EnumIs` and derive_more `IsVariant` generate the same predicate family; dependency presence cannot choose that provider policy
   = help: set `derive_resolution.enum_variant_predicates` to `strum_enum_is` or `derive_more_is_variant` in the `rlib-lint` Dylint table

warning: enum display has multiple eligible framework resolutions
  --> $DIR/semantic.rs:21:9
   |
LL | /         match self {
LL | |             Self::Planned => formatter.write_str("Planned"),
LL | |             Self::Running => formatter.write_str("Running"),
LL | |             Self::Complete => formatter.write_str("Complete"),
LL | |         }
   | |_________^
   |
   = note: Strum and derive_more can both generate this static enum `Display` contract
   = help: set `derive_resolution.enum_display` to `strum_display` or `derive_more_display`

warning: enum string parsing has multiple eligible framework resolutions
  --> $DIR/semantic.rs:33:9
   |
LL | /         match value {
LL | |             "Planned" => Ok(Self::Planned),
LL | |             "Running" => Ok(Self::Running),
LL | |             "Complete" => Ok(Self::Complete),
LL | |             _ => Err(()),
LL | |         }
   | |_________^
   |
   = note: Strum `EnumString` and derive_more `FromStr` can both generate this flat unit-enum parser
   = help: set `derive_resolution.enum_string_parsing` to `strum_enum_string` or `derive_more_from_str`

warning: 4 warnings emitted

