warning: section `Transport` mixes 41 declarations from several naming families, exceeding the configured maximum of 40
  --> $DIR/semantic.rs:88:1
   |
LL | / // -----------------------------------------------------------------------------
LL | | // Transport: Mixed transport concepts
LL | | // -----------------------------------------------------------------------------
   | |________________________________________________________________________________^
   |
   = note: the broad section conceals smaller naming families and provides an easy bucket for unrelated declarations
   = help: reconsider whether these declarations express smaller coherent concepts and rename them around those concepts; add another divider only for a genuinely independent family
note: the lint level is defined here
  --> $DIR/semantic.rs:2:9
   |
LL | #![warn(rlib::overloaded_declaration_sections)]
   |         ^^^^^^^^^^^^^^^^^^^^^^^^^^^^^^^^^^^^^

warning: section `NominalMixed` mixes 41 declarations from several naming families, exceeding the configured maximum of 40
  --> $DIR/semantic.rs:260:1
   |
LL | / // -----------------------------------------------------------------------------
LL | | // NominalMixed: A nominal type must not hide unrelated values
LL | | // -----------------------------------------------------------------------------
   | |________________________________________________________________________________^
   |
   = note: the broad section conceals smaller naming families and provides an easy bucket for unrelated declarations
   = help: reconsider whether these declarations express smaller coherent concepts and rename them around those concepts; add another divider only for a genuinely independent family

warning: section `ModuleNamespace` mixes 41 declarations from several naming families, exceeding the configured maximum of 40
  --> $DIR/semantic.rs:347:5
   |
LL | /     // -----------------------------------------------------------------------------
LL | |     // ModuleNamespace: Module-owned operations
LL | |     // -----------------------------------------------------------------------------
   | |____________________________________________________________________________________^
   |
   = note: the broad section conceals smaller naming families and provides an easy bucket for unrelated declarations
   = help: reconsider whether these declarations express smaller coherent concepts and rename them around those concepts; add another divider only for a genuinely independent family

warning: 3 warnings emitted

