warning: boolean component prop `active` hides the state selected by its value
  --> $DIR/semantic.rs:18:11
   |
LL | fn Direct(active: bool, aliased: Flag) -> impl IntoView {
   |           ^^^^^^ resolves to boolean-bearing type `bool`
   |
   = note: component props form a declarative UI vocabulary, while true and false leave their domain meaning and future states implicit
   = help: replace the boolean with a domain enum whose variants name the component states
   = note: `#[warn(leptos_boolean_component_props)]` on by default

warning: boolean component prop `aliased` hides the state selected by its value
  --> $DIR/semantic.rs:18:25
   |
LL | fn Direct(active: bool, aliased: Flag) -> impl IntoView {
   |                         ^^^^^^^ resolves to boolean-bearing type `bool`
   |
   = note: component props form a declarative UI vocabulary, while true and false leave their domain meaning and future states implicit
   = help: replace the boolean with a domain enum whose variants name the component states

warning: boolean component prop `optional` hides the state selected by its value
  --> $DIR/semantic.rs:24:5
   |
LL |     optional: Option<bool>,
   |     ^^^^^^^^ resolves to boolean-bearing type `std::option::Option<bool>`
   |
   = note: component props form a declarative UI vocabulary, while true and false leave their domain meaning and future states implicit
   = help: replace the boolean with a domain enum whose variants name the component states

warning: boolean component prop `signal` hides the state selected by its value
  --> $DIR/semantic.rs:25:5
   |
LL |     signal: Signal<bool>,
   |     ^^^^^^ resolves to boolean-bearing type `leptos::prelude::Signal<bool>`
   |
   = note: component props form a declarative UI vocabulary, while true and false leave their domain meaning and future states implicit
   = help: replace the boolean with a domain enum whose variants name the component states

warning: boolean component prop `read_signal` hides the state selected by its value
  --> $DIR/semantic.rs:26:5
   |
LL |     read_signal: ReadSignal<bool>,
   |     ^^^^^^^^^^^ resolves to boolean-bearing type `leptos::prelude::ReadSignal<bool>`
   |
   = note: component props form a declarative UI vocabulary, while true and false leave their domain meaning and future states implicit
   = help: replace the boolean with a domain enum whose variants name the component states

warning: boolean component prop `rw_signal` hides the state selected by its value
  --> $DIR/semantic.rs:27:5
   |
LL |     rw_signal: RwSignal<bool>,
   |     ^^^^^^^^^ resolves to boolean-bearing type `leptos::prelude::RwSignal<bool>`
   |
   = note: component props form a declarative UI vocabulary, while true and false leave their domain meaning and future states implicit
   = help: replace the boolean with a domain enum whose variants name the component states

warning: boolean component prop `maybe_signal` hides the state selected by its value
  --> $DIR/semantic.rs:28:5
   |
LL |     maybe_signal: MaybeSignal<bool>,
   |     ^^^^^^^^^^^^ resolves to boolean-bearing type `leptos::prelude::MaybeSignal<bool>`
   |
   = note: component props form a declarative UI vocabulary, while true and false leave their domain meaning and future states implicit
   = help: replace the boolean with a domain enum whose variants name the component states

warning: boolean component prop `nested` hides the state selected by its value
  --> $DIR/semantic.rs:29:5
   |
LL |     nested: Option<Signal<bool>>,
   |     ^^^^^^ resolves to boolean-bearing type `std::option::Option<leptos::prelude::Signal<bool>>`
   |
   = note: component props form a declarative UI vocabulary, while true and false leave their domain meaning and future states implicit
   = help: replace the boolean with a domain enum whose variants name the component states

warning: 8 warnings emitted

