warning: this struct is missing documentation
  --> $DIR/semantic.rs:6:8
   |
LL | struct MissingStruct {
   |        ^^^^^^^^^^^^^
   |
   = help: document its purpose, contract, or semantic role
note: the lint level is defined here
  --> $DIR/semantic.rs:1:9
   |
LL | #![warn(undocumented_items)]
   |         ^^^^^^^^^^^^^^^^^^

warning: this field is missing documentation
  --> $DIR/semantic.rs:7:5
   |
LL |     missing_field: usize,
   |     ^^^^^^^^^^^^^
   |
   = help: document its purpose, contract, or semantic role

warning: this enum is missing documentation
  --> $DIR/semantic.rs:10:6
   |
LL | enum MissingEnum {
   |      ^^^^^^^^^^^
   |
   = help: document its purpose, contract, or semantic role

warning: this enum variant is missing documentation
  --> $DIR/semantic.rs:11:5
   |
LL |     MissingVariant { missing_variant_field: usize },
   |     ^^^^^^^^^^^^^^
   |
   = help: document its purpose, contract, or semantic role

warning: this field is missing documentation
  --> $DIR/semantic.rs:11:22
   |
LL |     MissingVariant { missing_variant_field: usize },
   |                      ^^^^^^^^^^^^^^^^^^^^^
   |
   = help: document its purpose, contract, or semantic role

warning: this trait is missing documentation
  --> $DIR/semantic.rs:14:7
   |
LL | trait MissingTrait {
   |       ^^^^^^^^^^^^
   |
   = help: document its purpose, contract, or semantic role

warning: this trait item is missing documentation
  --> $DIR/semantic.rs:15:8
   |
LL |     fn missing_trait_method(&self);
   |        ^^^^^^^^^^^^^^^^^^^^
   |
   = help: document its purpose, contract, or semantic role

warning: this function is missing documentation
  --> $DIR/semantic.rs:18:4
   |
LL | fn missing_function() {}
   |    ^^^^^^^^^^^^^^^^
   |
   = help: document its purpose, contract, or semantic role

warning: this inherent impl item is missing documentation
  --> $DIR/semantic.rs:24:8
   |
LL |     fn missing_method(&self) {}
   |        ^^^^^^^^^^^^^^
   |
   = help: document its purpose, contract, or semantic role

warning: 9 warnings emitted
