warning: `Stage` string parser is maintained manually
  --> $DIR/semantic.rs:14:9
   |
LL | /         match value {
LL | |             "Planned" => Ok(Self::Planned),
LL | |             "Complete" => Ok(Self::Complete),
LL | |             _ => Err(()),
LL | |         }
   | |_________^
   |
   = note: the exhaustive string match duplicates unit-variant names and failure handling
   = note: this parser is public API; compare the generated error type before migration
   = help: derive `strum::EnumString` and remove the equivalent `FromStr` implementation
   = note: requested on the command line with `-W rlib::strum-manual-enum-string-parsers`

warning: `RuntimeState` string parser is maintained manually
  --> $DIR/semantic.rs:29:9
   |
LL | /         match value {
LL | |             "Hovered" => Some(Self::Hovered),
LL | |             "FocusWithin" => Some(Self::FocusWithin),
LL | |             _ => None,
LL | |         }
   | |_________^
   |
   = note: the exhaustive string match duplicates unit-variant names and failure handling
   = note: this parser is public API; compare the generated error type before migration
   = help: derive `strum::EnumString`, remove this shim, and migrate callers to `FromStr`

warning: `PolicyParser` string parser is maintained manually
  --> $DIR/semantic.rs:44:9
   |
LL | /         match value {
LL | |             "Ready" => Some(Self::Ready),
LL | |             _ => None,
LL | |         }
   | |_________^
   |
   = note: the exhaustive string match duplicates unit-variant names and failure handling
   = note: this parser is public API; compare the generated error type before migration
   = help: derive `strum::EnumString`, remove this shim, and migrate callers to `FromStr`

warning: `AliasedStage` string parser is maintained manually
  --> $DIR/semantic.rs:63:9
   |
LL | /         match value {
LL | |             "queued" | "planned" => Result::Ok(Self::Planned),
LL | |             "complete" => Result::Ok(Self::Complete),
LL | |             _ => Result::Err(()),
LL | |         }
   | |_________^
   |
   = note: the exhaustive string match duplicates unit-variant names and failure handling
   = note: this parser is public API; compare the generated error type before migration
   = help: derive `strum::EnumString` and remove the equivalent `FromStr` implementation

warning: 4 warnings emitted

