warning: section prefix `Req` does not match its declaration family
  --> $DIR/semantic.rs:12:1
   |
LL | / // -----------------------------------------------------------------------------
LL | | // Req: Request construction
LL | | // -----------------------------------------------------------------------------
   | |________________________________________________________________________________^
   |
   = note: the divider advertises a naming family that the governed declarations do not consistently follow
   = help: rename the declarations into one coherent family first; their longest shared PascalCase prefix is `Request`, and a new section is appropriate only for an independent concept
note: the lint level is defined here
  --> $DIR/semantic.rs:2:9
   |
LL | #![warn(mismatched_section_divider_prefixes)]
   |         ^^^^^^^^^^^^^^^^^^^^^^^^^^^^^^^^^^^

warning: section `Payload` contains declarations without a shared PascalCase prefix
  --> $DIR/semantic.rs:19:1
   |
LL | / // -----------------------------------------------------------------------------
LL | | // Payload: Response payload model
LL | | // -----------------------------------------------------------------------------
   | |________________________________________________________________________________^
   |
   = note: the divider advertises a naming family that the governed declarations do not consistently follow
   = help: reconsider the names `Payload`, `Response` so closely related declarations share a visible prefix; split the section only when they represent independent concepts

warning: section `Handler` contains declarations without a shared PascalCase prefix
  --> $DIR/semantic.rs:51:1
   |
LL | / // -----------------------------------------------------------------------------
LL | | // Handler: Request and response operations
LL | | // -----------------------------------------------------------------------------
   | |________________________________________________________________________________^
   |
   = note: the divider advertises a naming family that the governed declarations do not consistently follow
   = help: reconsider the names `handler_parse`, `render_response` so closely related declarations share a visible prefix; split the section only when they represent independent concepts

warning: 3 warnings emitted

