warning: inherent impl items are not in dependency-first order
  --> $DIR/fix.rs:12:5
   |
LL | /     fn render(&self) {
LL | |         self.prepare();
LL | |     }
   | |_____^ first item out of order
   |
   = note: expected item order: `LIMIT`, `prepare`, `render`
note: the lint level is defined here
  --> $DIR/fix.rs:7:9
   |
LL | #![warn(misordered_inherent_impl_items)]
   |         ^^^^^^^^^^^^^^^^^^^^^^^^^^^^^^
help: reorder these associated items
   |
LL ~     const LIMIT: usize = 1;
LL |
LL ~     fn prepare(&self) {}
LL |
LL ~     fn render(&self) {
LL +         self.prepare();
LL +     }
   |

warning: 1 warning emitted

