warning: this match arm contains 16 lines, exceeding the configured maximum of 15
  --> $DIR/semantic.rs:6:24
   |
LL |           Some(value) => {
   |  ________________________^
LL | |             let _one = value + 1;
LL | |             let _two = value + 2;
LL | |             let _three = value + 3;
...  |
LL | |             let _sixteen = value + 16;
LL | |         }
   | |_________^
   |
   = note: inline implementation detail obscures the match's role as a readable table of alternatives
   = help: extract the arm's work into a named helper or meaningful intermediary values
note: the lint level is defined here
  --> $DIR/semantic.rs:1:9
   |
LL | #![warn(rlib::oversized_match_arms)]
   |         ^^^^^^^^^^^^^^^^^^^^^^^^^^

warning: 1 warning emitted

