warning: this wildcard binding discards a `Result` without handling `Failure`
  --> $DIR/semantic.rs:18:5
   |
LL |     let _ = fail();
   |     ^^^^^^^^------^
   |             |
   |             this Result is discarded in full
   |
   = note: discarding the complete value erases whether the operation failed and makes `Failure` unavailable for recovery, reporting, or context
   = help: propagate the Result, inspect its error branch, or translate the failure at an explicit match boundary
note: the lint level is defined here
  --> $DIR/semantic.rs:1:9
   |
LL | #![warn(discarded_results)]
   |         ^^^^^^^^^^^^^^^^^

warning: this wildcard binding discards a `Result` without handling `Failure`
  --> $DIR/semantic.rs:19:5
   |
LL |     _ = fail();
   |     ^^^^------
   |         |
   |         this Result is discarded in full
   |
   = note: discarding the complete value erases whether the operation failed and makes `Failure` unavailable for recovery, reporting, or context
   = help: propagate the Result, inspect its error branch, or translate the failure at an explicit match boundary

warning: this explicit `drop` call discards a `Result` without handling `Failure`
  --> $DIR/semantic.rs:20:5
   |
LL |     drop(fail());
   |     ^^^^^------^
   |          |
   |          this Result is discarded in full
   |
   = note: discarding the complete value erases whether the operation failed and makes `Failure` unavailable for recovery, reporting, or context
   = help: propagate the Result, inspect its error branch, or translate the failure at an explicit match boundary

warning: this explicit `drop` call discards a `Result` without handling `Failure`
  --> $DIR/semantic.rs:21:5
   |
LL |     std::mem::drop(fail());
   |     ^^^^^^^^^^^^^^^------^
   |                    |
   |                    this Result is discarded in full
   |
   = note: discarding the complete value erases whether the operation failed and makes `Failure` unavailable for recovery, reporting, or context
   = help: propagate the Result, inspect its error branch, or translate the failure at an explicit match boundary

warning: this explicit `drop` call discards a `Result` without handling `Failure`
  --> $DIR/semantic.rs:45:5
   |
LL |     drop(_result);
   |     ^^^^^-------^
   |          |
   |          this Result is discarded in full
   |
   = note: discarding the complete value erases whether the operation failed and makes `Failure` unavailable for recovery, reporting, or context
   = help: propagate the Result, inspect its error branch, or translate the failure at an explicit match boundary

warning: this underscore-prefixed binding discards a `Result` without handling `Failure`
  --> $DIR/semantic.rs:50:5
   |
LL |     let _handled = explicit_policy();
   |     ^^^^^^^^^^^^^^^-----------------^
   |                    |
   |                    this Result is discarded in full
   |
   = note: discarding the complete value erases whether the operation failed and makes `Failure` unavailable for recovery, reporting, or context
   = help: propagate the Result, inspect its error branch, or translate the failure at an explicit match boundary

warning: 6 warnings emitted

