warning: boolean struct field `active` should start with `is_` or `has_`
  --> $DIR/semantic.rs:16:5
   |
LL |     active: bool,
   |     ^^^^^^
   |
   = help: choose a predicate-style name that describes what the boolean means
   = note: `#[warn(bool_fields_without_predicate_prefix)]` on by default

warning: boolean struct field `visible` should start with `is_` or `has_`
  --> $DIR/semantic.rs:17:5
   |
LL |     visible: Flag,
   |     ^^^^^^^
   |
   = help: choose a predicate-style name that describes what the boolean means

warning: boolean struct field `enabled` should start with `is_` or `has_`
  --> $DIR/semantic.rs:38:13
   |
LL |             enabled: bool,
   |             ^^^^^^^
...
LL | local_struct!();
   | --------------- in this macro invocation
   |
   = help: choose a predicate-style name that describes what the boolean means
   = note: this warning originates in the macro `local_struct` (in Nightly builds, run with -Z macro-backtrace for more info)

warning: 3 warnings emitted

