warning: `Message` variant predicates are maintained manually
  --> $DIR/semantic.rs:18:9
   |
LL |         matches!(self, Self::Write(_))
   |         ^^^^^^^^^^^^^^^^^^^^^^^^^^^^^^
   |
   = note: the complete one-variant predicate family duplicates enum variant identity
   = note: these predicates are public; generated visibility and method names require a compatibility review
   = help: derive `strum::EnumIs` and remove the equivalent inherent predicate family
   = note: requested on the command line with `-W rlib::strum-manual-enum-predicates`

warning: `DisabledMessage` variant predicates are maintained manually
  --> $DIR/semantic.rs:49:9
   |
LL |         matches!(self, Self::Ready)
   |         ^^^^^^^^^^^^^^^^^^^^^^^^^^^
   |
   = note: the complete one-variant predicate family duplicates enum variant identity
   = note: these predicates are public; generated visibility and method names require a compatibility review
   = help: derive `strum::EnumIs` and remove the equivalent inherent predicate family

warning: `SerializedMessage` variant predicates are maintained manually
  --> $DIR/semantic.rs:62:9
   |
LL |         matches!(self, Self::Write)
   |         ^^^^^^^^^^^^^^^^^^^^^^^^^^^
   |
   = note: the complete one-variant predicate family duplicates enum variant identity
   = note: these predicates are public; generated visibility and method names require a compatibility review
   = help: derive `strum::EnumIs` and remove the equivalent inherent predicate family

warning: 3 warnings emitted

