warning: local types should be declared before their use
  --> $DIR/no_fix.rs:8:5
   |
LL |     struct User(Dependency);
   |     ^^^^^^^^^^^^^^^^^^^^^^^^ this declaration is the first out of order
   |
   = note: expected declaration order: `Dependency`, `User`
   = help: move declarations into this order: `Dependency`, `User`
note: the lint level is defined here
  --> $DIR/no_fix.rs:4:9
   |
LL | #![warn(misordered_type_declarations)]
   |         ^^^^^^^^^^^^^^^^^^^^^^^^^^^^

warning: local types should be declared before their use
  --> $DIR/no_fix.rs:13:5
   |
LL |     struct User(Dependency);
   |     ^^^^^^^^^^^^^^^^^^^^^^^^ this declaration is the first out of order
   |
   = note: expected declaration order: `Dependency`, `User`
   = help: move declarations into this order: `Dependency`, `User`

warning: local types should be declared before their use
  --> $DIR/no_fix.rs:19:5
   |
LL |     struct User(Dependency);
   |     ^^^^^^^^^^^^^^^^^^^^^^^^ this declaration is the first out of order
   |
   = note: expected declaration order: `Dependency`, `User`
   = help: move declarations into this order: `Dependency`, `User`

warning: local types should be declared before their use
  --> $DIR/no_fix.rs:28:9
   |
LL |         struct Generated(GeneratedDependency);
   |         ^^^^^^^^^^^^^^^^^^^^^^^^^^^^^^^^^^^^^^ this declaration is the first out of order
...
LL |     generated_type!();
   |     ----------------- in this macro invocation
   |
   = note: expected declaration order: `GeneratedDependency`, `Generated`
   = help: move declarations into this order: `GeneratedDependency`, `Generated`
   = note: this warning originates in the macro `generated_type` (in Nightly builds, run with -Z macro-backtrace for more info)

warning: 4 warnings emitted

