warning: `Stage` string conversion is maintained manually
  --> $DIR/semantic.rs:10:9
   |
LL | /         match self {
LL | |             Self::Planned => "Planned",
LL | |             Self::Complete => "Complete",
LL | |         }
   | |_________^
   |
   = note: the exhaustive match duplicates the enum's canonical static string mapping
   = help: derive `strum::AsRefStr` and migrate callers to `AsRef<str>`
   = note: requested on the command line with `-W rlib::strum-manual-enum-string-conversions`

warning: `RenamedStage` string conversion is maintained manually
  --> $DIR/semantic.rs:26:9
   |
LL | /         match self {
LL | |             Self::InProgress => "in_progress",
LL | |             Self::Complete => "complete",
LL | |         }
   | |_________^
   |
   = note: the exhaustive match duplicates the enum's canonical static string mapping
   = help: derive `strum::AsRefStr` and migrate callers to `AsRef<str>`

warning: `RuntimeState` string conversion is maintained manually
  --> $DIR/semantic.rs:40:9
   |
LL | /         match self {
LL | |             Self::Hovered => "Hovered",
LL | |             Self::FocusWithin => "FocusWithin",
LL | |         }
   | |_________^
   |
   = note: the exhaustive match duplicates the enum's canonical static string mapping
   = note: this method is public API; removing it requires callers to use the generated trait directly
   = help: derive `strum::AsRefStr` and migrate callers to `AsRef<str>`

warning: `ViewportKind` string conversion is maintained manually
  --> $DIR/semantic.rs:54:5
   |
LL | /     pub fn name(&self) -> &str {
LL | |         self.as_ref()
LL | |     }
   | |_____^
   |
   = note: the method only forwards to the enum's generated static string contract
   = note: this method is public API; removing it requires callers to use the generated trait directly
   = help: remove this shim and migrate callers to `AsRef<str>`

warning: `DisplayStage` string conversion is maintained manually
  --> $DIR/semantic.rs:66:9
   |
LL | /         match self {
LL | |             Self::Planned => formatter.write_str("Planned"),
LL | |             Self::Complete => formatter.write_str("Complete"),
LL | |         }
   | |_________^
   |
   = note: the exhaustive match duplicates the enum's canonical static string mapping
   = help: derive `strum::Display` and remove the equivalent formatting implementation

warning: 5 warnings emitted

