warning: this match arm contains 8 lines, exceeding the configured maximum of 7
  --> $DIR/semantic.rs:6:24
   |
LL |           Some(value) => {
   |  ________________________^
LL | |             let _one = value + 1;
LL | |             let _two = value + 2;
LL | |             let _three = value + 3;
...  |
LL | |             let _eight = value + 8;
LL | |         }
   | |_________^
   |
   = help: extract the arm's work into a named helper or meaningful intermediary values
note: the lint level is defined here
  --> $DIR/semantic.rs:1:9
   |
LL | #![warn(oversized_match_arms)]
   |         ^^^^^^^^^^^^^^^^^^^^

warning: 1 warning emitted

