warning: `parse_user_id` is the canonical string parser for `UserId` but does not implement `FromStr`
  --> $DIR/semantic.rs:12:4
   |
LL | fn parse_user_id(source: &str) -> Result<UserId, std::num::ParseIntError> {
   |    ^^^^^^^^^^^^^
   |
   = note: a unique `&str -> Result<UserId, _>` conversion is a type-level parsing contract; leaving it as an ad hoc function hides it from `.parse()`, generic bounds, and standard tooling
   = help: implement `std::str::FromStr` for `UserId` and move the parsing body into `from_str`; keep a wrapper only when its name adds a distinct policy or format
note: the lint level is defined here
  --> $DIR/semantic.rs:1:9
   |
LL | #![warn(ad_hoc_string_parsers)]
   |         ^^^^^^^^^^^^^^^^^^^^^

warning: `decode` is the canonical string parser for `AccountId` but does not implement `FromStr`
  --> $DIR/semantic.rs:19:8
   |
LL |     fn decode(source: &str) -> Result<Self, std::num::ParseIntError> {
   |        ^^^^^^
   |
   = note: a unique `&str -> Result<AccountId, _>` conversion is a type-level parsing contract; leaving it as an ad hoc function hides it from `.parse()`, generic bounds, and standard tooling
   = help: implement `std::str::FromStr` for `AccountId` and move the parsing body into `from_str`; keep a wrapper only when its name adds a distinct policy or format

warning: 2 warnings emitted

