warning: manual transparent parser for `Port` is derivable
  --> $DIR/semantic.rs:8:1
   |
LL | / impl FromStr for Port {
LL | |     type Err = ParseIntError;
LL | |
LL | |     fn from_str(value: &str) -> Result<Self, Self::Err> {
...  |
LL | | }
   | |_^ this parser is exact newtype forwarding
   |
   = note: the implementation forwards the complete input to the sole field's parser and maps its unchanged error directly into the wrapper
   = help: replace this implementation with `#[derive(derive_more::FromStr)]` on the newtype
   = note: requested on the command line with `-W rlib::derive-more-manual-from-str-impls`

warning: manual transparent parser for `NamedPort` is derivable
  --> $DIR/semantic.rs:20:1
   |
LL | / impl FromStr for NamedPort {
LL | |     type Err = ParseIntError;
LL | |
LL | |     fn from_str(value: &str) -> Result<Self, Self::Err> {
...  |
LL | | }
   | |_^ this parser is exact newtype forwarding
   |
   = note: the implementation forwards the complete input to the sole field's parser and maps its unchanged error directly into the wrapper
   = help: replace this implementation with `#[derive(derive_more::FromStr)]` on the newtype

warning: manual transparent parser for `Generic` is derivable
  --> $DIR/semantic.rs:30:1
   |
LL | / impl<T: FromStr> FromStr for Generic<T> {
LL | |     type Err = T::Err;
LL | |
LL | |     fn from_str(value: &str) -> Result<Self, Self::Err> {
...  |
LL | | }
   | |_^ this parser is exact newtype forwarding
   |
   = note: the implementation forwards the complete input to the sole field's parser and maps its unchanged error directly into the wrapper
   = help: replace this implementation with `#[derive(derive_more::FromStr)]` on the newtype

warning: 3 warnings emitted

