warning: constructor-like free function `create_session` creates `Session` outside its inherent impl
  --> $DIR/semantic.rs:13:4
   |
LL | fn create_session(token: String) -> Session {
   |    ^^^^^^^^^^^^^^
   |
   = note: `create_session`'s construction contract is hidden in the module namespace instead of being discoverable through `Session`
note: the lint level is defined here
  --> $DIR/semantic.rs:1:9
   |
LL | #![warn(constructor_like_free_functions)]
   |         ^^^^^^^^^^^^^^^^^^^^^^^^^^^^^^^
help: move `create_session` into an inherent `impl Session`; reconsider whether its name describes the invariant or source concept instead of merely saying `new`, `build`, or `create`
   |
LL + impl Session {
LL +     fn create_session(token: String) -> Session {
LL +         Session { token }
LL +     }
LL + }
   |

warning: constructor-like free function `maybe_session` creates `MaybeSession` outside its inherent impl
  --> $DIR/semantic.rs:21:4
   |
LL | fn maybe_session(token: Option<String>) -> Result<Option<MaybeSession>, ()> {
   |    ^^^^^^^^^^^^^
   |
   = note: `maybe_session`'s construction contract is hidden in the module namespace instead of being discoverable through `MaybeSession`
help: move `maybe_session` into an inherent `impl MaybeSession`; reconsider whether its name describes the invariant or source concept instead of merely saying `new`, `build`, or `create`
   |
LL + impl MaybeSession {
LL +     fn maybe_session(token: Option<String>) -> Result<Option<MaybeSession>, ()> {
LL +         Ok(token.map(|token| MaybeSession::Present(Session { token })))
LL +     }
LL + }
   |

warning: 2 warnings emitted
