warning: this `ok` conversion turns `Failure` failures into an indistinguishable absence
  --> $DIR/semantic.rs:31:5
   |
LL |     fail().ok()
   |     ------^^^^^
   |     |
   |     this Result still carries failure context
   |
   = note: the resulting `std::option::Option<std::string::String>` cannot distinguish an absent value from a failed operation or explain the lost `Failure`
   = help: preserve the Result, or match both variants explicitly where failure is intentionally translated into absence
note: the lint level is defined here
  --> $DIR/semantic.rs:1:9
   |
LL | #![warn(rlib::results_converted_to_options, rlib::fallible_values_replaced_with_defaults)]
   |         ^^^^^^^^^^^^^^^^^^^^^^^^^^^^^^^^^^

warning: this `ok` conversion turns `Failure` failures into an indistinguishable absence
  --> $DIR/semantic.rs:35:5
   |
LL |     Result::ok(fail())
   |     ^^^^^^^^^^^------^
   |                |
   |                this Result still carries failure context
   |
   = note: the resulting `std::option::Option<std::string::String>` cannot distinguish an absent value from a failed operation or explain the lost `Failure`
   = help: preserve the Result, or match both variants explicitly where failure is intentionally translated into absence

warning: this `ok` conversion turns `Failure` failures into an indistinguishable absence
  --> $DIR/semantic.rs:39:17
   |
LL |     let value = fail().ok()?;
   |                 ------^^^^^
   |                 |
   |                 this Result still carries failure context
   |
   = note: the resulting `std::option::Option<std::string::String>` cannot distinguish an absent value from a failed operation or explain the lost `Failure`
   = help: preserve the Result, or match both variants explicitly where failure is intentionally translated into absence

warning: this `map_or` absence fallback turns `Failure` failures into an indistinguishable absence
  --> $DIR/semantic.rs:44:19
   |
LL |     let _mapped = fail().map_or(None, Some);
   |                   ------^^^^^^^^^^^^^^^^^^^
   |                   |
   |                   this Result still carries failure context
   |
   = note: the resulting `std::option::Option<std::string::String>` cannot distinguish an absent value from a failed operation or explain the lost `Failure`
   = help: preserve the Result, or match both variants explicitly where failure is intentionally translated into absence

warning: this `map_or_else` absence fallback turns `Failure` failures into an indistinguishable absence
  --> $DIR/semantic.rs:45:24
   |
LL |     let _mapped_lazy = fail().map_or_else(|_| None, Some);
   |                        ------^^^^^^^^^^^^^^^^^^^^^^^^^^^^
   |                        |
   |                        this Result still carries failure context
   |
   = note: the resulting `std::option::Option<std::string::String>` cannot distinguish an absent value from a failed operation or explain the lost `Failure`
   = help: preserve the Result, or match both variants explicitly where failure is intentionally translated into absence

warning: this `unwrap_or` absence fallback turns `Failure` failures into an indistinguishable absence
  --> $DIR/semantic.rs:46:18
   |
LL |     let _eager = fail_optional().unwrap_or(None);
   |                  ---------------^^^^^^^^^^^^^^^^
   |                  |
   |                  this Result still carries failure context
   |
   = note: the resulting `std::option::Option<std::string::String>` cannot distinguish an absent value from a failed operation or explain the lost `Failure`
   = help: preserve the Result, or match both variants explicitly where failure is intentionally translated into absence

warning: this `unwrap_or_else` absence fallback turns `Failure` failures into an indistinguishable absence
  --> $DIR/semantic.rs:47:17
   |
LL |     let _lazy = fail_optional().unwrap_or_else(|_| None);
   |                 ---------------^^^^^^^^^^^^^^^^^^^^^^^^^
   |                 |
   |                 this Result still carries failure context
   |
   = note: the resulting `std::option::Option<std::string::String>` cannot distinguish an absent value from a failed operation or explain the lost `Failure`
   = help: preserve the Result, or match both variants explicitly where failure is intentionally translated into absence

warning: this `unwrap_or_else` absence fallback turns `Failure` failures into an indistinguishable absence
  --> $DIR/semantic.rs:48:27
   |
LL |       let _discarded_lazy = fail_optional().unwrap_or_else(|error| {
   |                             ^--------------
   |                             |
   |  ___________________________this Result still carries failure context
   | |
LL | |         drop(error);
LL | |         None
LL | |     });
   | |______^
   |
   = note: the resulting `std::option::Option<std::string::String>` cannot distinguish an absent value from a failed operation or explain the lost `Failure`
   = help: preserve the Result, or match both variants explicitly where failure is intentionally translated into absence

warning: this `unwrap_or_default` Option fallback turns `Failure` failures into an indistinguishable absence
  --> $DIR/semantic.rs:52:22
   |
LL |     let _defaulted = fail_optional().unwrap_or_default();
   |                      ---------------^^^^^^^^^^^^^^^^^^^^
   |                      |
   |                      this Result still carries failure context
   |
   = note: the resulting `std::option::Option<std::string::String>` cannot distinguish an absent value from a failed operation or explain the lost `Failure`
   = help: preserve the Result, or match both variants explicitly where failure is intentionally translated into absence

warning: this `map_or` absence fallback turns `Failure` failures into an indistinguishable absence
  --> $DIR/semantic.rs:54:24
   |
LL |     let _ufcs_mapped = Result::map_or(fail(), None, Some);
   |                        ^^^^^^^^^^^^^^^------^^^^^^^^^^^^^
   |                                       |
   |                                       this Result still carries failure context
   |
   = note: the resulting `std::option::Option<std::string::String>` cannot distinguish an absent value from a failed operation or explain the lost `Failure`
   = help: preserve the Result, or match both variants explicitly where failure is intentionally translated into absence

warning: this `unwrap_or_else` absence fallback turns `Failure` failures into an indistinguishable absence
  --> $DIR/semantic.rs:55:22
   |
LL |     let _ufcs_lazy = Result::unwrap_or_else(fail_optional(), |_| None);
   |                      ^^^^^^^^^^^^^^^^^^^^^^^---------------^^^^^^^^^^^
   |                                             |
   |                                             this Result still carries failure context
   |
   = note: the resulting `std::option::Option<std::string::String>` cannot distinguish an absent value from a failed operation or explain the lost `Failure`
   = help: preserve the Result, or match both variants explicitly where failure is intentionally translated into absence

warning: this `map_or_else` absence fallback turns `Failure` failures into an indistinguishable absence
  --> $DIR/semantic.rs:56:27
   |
LL |       let _ufcs_discarded = Result::map_or_else(
   |  ___________________________^
LL | |         fail(),
   | |         ------ this Result still carries failure context
LL | |         |error| {
LL | |             let _ = error;
...  |
LL | |         Some,
LL | |     );
   | |_____^
   |
   = note: the resulting `std::option::Option<std::string::String>` cannot distinguish an absent value from a failed operation or explain the lost `Failure`
   = help: preserve the Result, or match both variants explicitly where failure is intentionally translated into absence

warning: this `unwrap_or` absence fallback turns `Failure` failures into an indistinguishable absence
  --> $DIR/semantic.rs:64:29
   |
LL |     let _explicit_default = fail_optional().unwrap_or(Option::default());
   |                             ---------------^^^^^^^^^^^^^^^^^^^^^^^^^^^^^
   |                             |
   |                             this Result still carries failure context
   |
   = note: the resulting `std::option::Option<std::string::String>` cannot distinguish an absent value from a failed operation or explain the lost `Failure`
   = help: preserve the Result, or match both variants explicitly where failure is intentionally translated into absence

warning: 13 warnings emitted

