warning: module declarations are not in dependency-first order
  --> $DIR/fix.rs:13:1
   |
LL | / fn run() -> Value {
LL | |     make()
LL | | }
   | |_^ first declaration out of order
   |
   = note: the first misplaced declaration requires forward navigation; the resolved dependency-first order is `Value`, `make`, `run`, `main`
note: the lint level is defined here
  --> $DIR/fix.rs:7:9
   |
LL | #![warn(rlib::misordered_module_declarations)]
   |         ^^^^^^^^^^^^^^^^^^^^^^^^^^^^^^^^^^^^
help: move complete declaration groups into this order: `Value`, `make`, `run`, `main`
   |
LL + struct Value;
LL |
...
LL |
LL + fn run() -> Value {
LL +     make()
LL + }
   |

warning: 1 warning emitted

