warning: module declarations are not in dependency-first order
  --> $DIR/semantic.rs:37:1
   |
LL | / fn run(callback: fn(Anchor) -> usize) -> usize {
LL | |     (unsafe { foreign_value() }) + callback(Anchor) + child::VALUE + LIMIT
LL | | }
   | |_^ first declaration out of order
   |
   = note: the first misplaced declaration requires forward navigation; the resolved dependency-first order is `Anchor`, `child`, `extern block`, `LIMIT`, `run`, `main`
note: the lint level is defined here
  --> $DIR/semantic.rs:6:9
   |
LL | #![warn(misordered_module_declarations)]
   |         ^^^^^^^^^^^^^^^^^^^^^^^^^^^^^^
help: move complete declaration groups into this order: `Anchor`, `child`, `extern block`, `LIMIT`, `run`, `main`
   |
LL + struct Anchor;
LL + 
LL + impl Anchor {
LL +     fn size(self) -> usize {
LL +         size_of::<Self>()
LL +     }
LL + }
LL |
LL + mod child {
LL +     pub const VALUE: usize = 2;
LL + }
LL |
LL + unsafe extern "C" {
LL +     fn foreign_value() -> usize;
LL + }
LL |
LL + const LIMIT: usize = 1;
LL |
LL + fn run(callback: fn(Anchor) -> usize) -> usize {
LL +     (unsafe { foreign_value() }) + callback(Anchor) + child::VALUE + LIMIT
LL + }
   |

warning: 1 warning emitted

