warning: section divider description must start in sentence case
  --> $DIR/fix.rs:5:1
   |
LL | / // -----------------------------------------------------------------------------
LL | | // Request : request handling
LL | | // -----------------------------------------------------------------------------
   | |________________________________________________________________________________^
   |
note: the lint level is defined here
  --> $DIR/fix.rs:3:9
   |
LL | #![warn(malformed_section_dividers)]
   |         ^^^^^^^^^^^^^^^^^^^^^^^^^^
help: render this divider canonically
   |
LL + // -----------------------------------------------------------------------------
LL + // Request: Request handling
LL + // -----------------------------------------------------------------------------
   |

warning: 1 warning emitted

