warning: this view section comment is not canonical
  --> $DIR/semantic.rs:10:13
   |
LL |             // ACCOUNT NAVIGATION:
   |             ^^^^^^^^^^^^^^^^^^^^^^ help: render this view heading canonically: `// Account navigation`
   |
   = note: consistent headings make view boundaries predictable for readers and related lints
   = note: requested on the command line with `-W rlib::leptos-malformed-view-section-comments`

warning: this view section comment must be preceded by a blank line
  --> $DIR/semantic.rs:12:13
   |
LL |             // Account content
   |             ^^^^^^^^^^^^^^^^^^
   |
   = note: consistent headings make view boundaries predictable for readers and related lints
   = help: use concise sentence-style prose immediately before the first owned node

warning: this view section comment is not canonical
  --> $DIR/semantic.rs:15:13
   |
LL |             // Account   preferences
   |             ^^^^^^^^^^^^^^^^^^^^^^^^ help: render this view heading canonically: `// Account preferences`
   |
   = note: consistent headings make view boundaries predictable for readers and related lints

warning: this view section comment is not canonical
  --> $DIR/semantic.rs:18:13
   |
LL |             /* Account actions */
   |             ^^^^^^^^^^^^^^^^^^^^^
   |
   = note: consistent headings make view boundaries predictable for readers and related lints
   = help: use concise sentence-style prose immediately before the first owned node

warning: this view section comment must immediately precede its region
  --> $DIR/semantic.rs:22:13
   |
LL |             // Stranded heading
   |             ^^^^^^^^^^^^^^^^^^^
   |
   = note: consistent headings make view boundaries predictable for readers and related lints
   = help: use concise sentence-style prose immediately before the first owned node

warning: 5 warnings emitted

