warning: views are collected through manual iterator mapping
  --> $DIR/semantic.rs:23:22
   |
LL |               {move || names.get()
   |  ______________________^
LL | |                 .into_iter()
LL | |                 .map(|name| view! { <li>{name}</li> })
LL | |                 .collect_view()}
   | |_______________________________^ this repeated view is hidden in an iterator chain
   |
   = note: iterator-driven rendering hides the collection, identity key, and child template inside Rust expressions instead of exposing them in the view tree
   = help: replace this mapping chain with `<For>` and a stable domain key
   = note: requested on the command line with `-W rlib::leptos-manual-view-iteration`

warning: views are collected through manual iterator mapping
  --> $DIR/semantic.rs:35:14
   |
LL |               {["Ada", "Grace"]
   |  ______________^
LL | |                 .into_iter()
LL | |                 .map(|name| view! { <li>{name}</li> })
LL | |                 .collect_view()}
   | |_______________________________^ this repeated view is hidden in an iterator chain
   |
   = note: iterator-driven rendering hides the collection, identity key, and child template inside Rust expressions instead of exposing them in the view tree
   = help: replace this mapping chain with `<For>` and a stable domain key

warning: views are collected through manual iterator mapping
  --> $DIR/semantic.rs:47:18
   |
LL |           {move || names.try_get()
   |  __________________^
LL | |             .unwrap_or_default()
LL | |             .into_iter()
LL | |             .filter_map(|name| (!name.is_empty()).then(|| view! { <span>{name}</span> }))
LL | |             .collect_view()}
   | |___________________________^ this repeated view is hidden in an iterator chain
   |
   = note: iterator-driven rendering hides the collection, identity key, and child template inside Rust expressions instead of exposing them in the view tree
   = help: replace this mapping chain with `<For>` and a stable domain key

warning: views are collected through manual iterator mapping
  --> $DIR/semantic.rs:59:18
   |
LL |           {move || names.with(Clone::clone)
   |  __________________^
LL | |             .into_iter()
LL | |             .map(|name| view! { <span>{name}</span> })
LL | |             .collect_view()}
   | |___________________________^ this repeated view is hidden in an iterator chain
   |
   = note: iterator-driven rendering hides the collection, identity key, and child template inside Rust expressions instead of exposing them in the view tree
   = help: replace this mapping chain with `<For>` and a stable domain key

warning: views are collected through manual iterator mapping
  --> $DIR/semantic.rs:70:10
   |
LL |           {names.get_untracked()
   |  __________^
LL | |             .into_iter()
LL | |             .map(|name| view! { <span>{name}</span> })
LL | |             .collect_view()}
   | |___________________________^ this repeated view is hidden in an iterator chain
   |
   = note: iterator-driven rendering hides the collection, identity key, and child template inside Rust expressions instead of exposing them in the view tree
   = help: replace this mapping chain with `<For>` and a stable domain key

warning: views are collected through manual iterator mapping
  --> $DIR/semantic.rs:80:10
   |
LL |           {["Ada", "Grace"]
   |  __________^
LL | |             .into_iter()
LL | |             .map(|name| view! { <span>{name}</span> })
LL | |             .take(1)
LL | |             .collect_view()}
   | |___________________________^ this repeated view is hidden in an iterator chain
   |
   = note: iterator-driven rendering hides the collection, identity key, and child template inside Rust expressions instead of exposing them in the view tree
   = help: replace this mapping chain with `<For>` and a stable domain key

warning: views are collected through manual iterator mapping
  --> $DIR/semantic.rs:91:10
   |
LL |           {["Ada"]
   |  __________^
LL | |             .into_iter()
LL | |             .flat_map(|name| [view! { <span>{name}</span> }])
LL | |             .collect_view()}
   | |___________________________^ this repeated view is hidden in an iterator chain
   |
   = note: iterator-driven rendering hides the collection, identity key, and child template inside Rust expressions instead of exposing them in the view tree
   = help: replace this mapping chain with `<For>` and a stable domain key

warning: views are collected through manual iterator mapping
  --> $DIR/semantic.rs:95:10
   |
LL |           {["Grace"]
   |  __________^
LL | |             .into_iter()
LL | |             .map_while(|name| Some(view! { <span>{name}</span> }))
LL | |             .collect_view()}
   | |___________________________^ this repeated view is hidden in an iterator chain
   |
   = note: iterator-driven rendering hides the collection, identity key, and child template inside Rust expressions instead of exposing them in the view tree
   = help: replace this mapping chain with `<For>` and a stable domain key

warning: views are collected through manual iterator mapping
  --> $DIR/semantic.rs:99:10
   |
LL |           {["Lin"]
   |  __________^
LL | |             .into_iter()
LL | |             .scan((), |_, name| Some(view! { <span>{name}</span> }))
LL | |             .collect_view()}
   | |___________________________^ this repeated view is hidden in an iterator chain
   |
   = note: iterator-driven rendering hides the collection, identity key, and child template inside Rust expressions instead of exposing them in the view tree
   = help: replace this mapping chain with `<For>` and a stable domain key

warning: views are collected through manual iterator mapping
  --> $DIR/semantic.rs:119:10
   |
LL |           {SECTIONS
   |  __________^
LL | |             .iter()
LL | |             .map(|section| {
LL | |                 view! {
...  |
LL | |             })
LL | |             .collect_view()}
   | |___________________________^ this repeated view is hidden in an iterator chain
   |
   = note: iterator-driven rendering hides the collection, identity key, and child template inside Rust expressions instead of exposing them in the view tree
   = help: replace this mapping chain with `<For>` and a stable domain key

warning: views are collected through manual iterator mapping
  --> $DIR/semantic.rs:125:26
   |
LL |                           {section
   |  __________________________^
LL | |                             .routes
LL | |                             .iter()
LL | |                             .filter_map(|route| (!route.is_empty()).then_some(*route))
LL | |                             .map(|route| view! { <a href=route>{route}</a> })
LL | |                             .collect_view()}
   | |___________________________________________^ this repeated view is hidden in an iterator chain
   |
   = note: iterator-driven rendering hides the collection, identity key, and child template inside Rust expressions instead of exposing them in the view tree
   = help: replace this mapping chain with `<For>` and a stable domain key

warning: 11 warnings emitted

