warning: module declarations are not covered by a section divider
  --> $DIR/semantic.rs:10:1
   |
LL | struct Missing;
   | ^^^^^^^^^^^^^^^
   |
   = note: without an explicit boundary, neighboring declarations do not reveal whether they intentionally form one naming family
   = help: add a divider for `Missing`, after first checking whether any outlier should be renamed into that family
note: the lint level is defined here
  --> $DIR/semantic.rs:8:9
   |
LL | #![warn(missing_section_dividers)]
   |         ^^^^^^^^^^^^^^^^^^^^^^^^

warning: module declarations are not covered by a section divider
  --> $DIR/semantic.rs:23:5
   |
LL |     struct NestedMissing;
   |     ^^^^^^^^^^^^^^^^^^^^^
   |
   = note: without an explicit boundary, neighboring declarations do not reveal whether they intentionally form one naming family
   = help: add a divider for `NestedMissing`, after first checking whether any outlier should be renamed into that family

warning: 2 warnings emitted

