warning: section `Overloaded` contains 9 distinct declarations, exceeding the configured maximum of 8
  --> $DIR/semantic.rs:17:1
   |
LL | / // -----------------------------------------------------------------------------
LL | | // Overloaded
LL | | // -----------------------------------------------------------------------------
   | |________________________________________________________________________________^
   |
   = note: the broad section conceals smaller naming families and provides an easy bucket for unrelated declarations
   = help: reconsider whether these declarations express smaller coherent concepts and rename them around those concepts; add another divider only for a genuinely independent family
note: the lint level is defined here
  --> $DIR/semantic.rs:2:9
   |
LL | #![warn(overloaded_declaration_sections)]
   |         ^^^^^^^^^^^^^^^^^^^^^^^^^^^^^^^

warning: section `ModuleNamespace` contains 9 distinct declarations, exceeding the configured maximum of 8
  --> $DIR/semantic.rs:32:5
   |
LL | /     // -----------------------------------------------------------------------------
LL | |     // ModuleNamespace
LL | |     // -----------------------------------------------------------------------------
   | |____________________________________________________________________________________^
   |
   = note: the broad section conceals smaller naming families and provides an easy bucket for unrelated declarations
   = help: reconsider whether these declarations express smaller coherent concepts and rename them around those concepts; add another divider only for a genuinely independent family

warning: 2 warnings emitted

