warning: struct `SelfVisible` uses noncanonical restricted visibility `pub(self)`
  --> $DIR/semantic.rs:4:1
   |
LL | pub(self) struct SelfVisible;
   | ^^^^^^^^^
   |
   = note: a small visibility vocabulary makes module boundaries immediately comparable and prevents arbitrary ancestor paths from encoding fragile file topology
note: the lint level is defined here
  --> $DIR/semantic.rs:1:9
   |
LL | #![warn(noncanonical_restricted_visibility)]
   |         ^^^^^^^^^^^^^^^^^^^^^^^^^^^^^^^^^^
help: remove the explicit self-only visibility and keep the declaration private
   |
LL - pub(self) struct SelfVisible;
LL + struct SelfVisible;
   |

warning: struct `PathRestricted` uses noncanonical restricted visibility `pub(in crate::parent)`
  --> $DIR/semantic.rs:8:9
   |
LL |         pub(in crate::parent) struct PathRestricted {
   |         ^^^^^^^^^^^^^^^^^^^^^
   |
   = note: a small visibility vocabulary makes module boundaries immediately comparable and prevents arbitrary ancestor paths from encoding fragile file topology
   = help: move the declaration to the module that owns its consumers, or deliberately use `pub(crate)` when the capability belongs to the whole crate

warning: field `PathRestricted.value` uses noncanonical restricted visibility `pub(in crate::parent)`
  --> $DIR/semantic.rs:9:13
   |
LL |             pub(in crate::parent) value: usize,
   |             ^^^^^^^^^^^^^^^^^^^^^
   |
   = note: a small visibility vocabulary makes module boundaries immediately comparable and prevents arbitrary ancestor paths from encoding fragile file topology
   = help: move the declaration to the module that owns its consumers, or deliberately use `pub(crate)` when the capability belongs to the whole crate

warning: constant item `PARENT_VALUE` uses noncanonical restricted visibility `pub(in super)`
  --> $DIR/semantic.rs:13:5
   |
LL |     pub(in super) const PARENT_VALUE: usize = 1;
   |     ^^^^^^^^^^^^^ help: write the equivalent canonical `pub(super)` visibility: `pub(super)`
   |
   = note: a small visibility vocabulary makes module boundaries immediately comparable and prevents arbitrary ancestor paths from encoding fragile file topology

warning: static item `CRATE_VALUE` uses noncanonical restricted visibility `pub(in crate)`
  --> $DIR/semantic.rs:14:5
   |
LL |     pub(in crate) static CRATE_VALUE: usize = 2;
   |     ^^^^^^^^^^^^^ help: write the equivalent canonical `pub(crate)` visibility: `pub(crate)`
   |
   = note: a small visibility vocabulary makes module boundaries immediately comparable and prevents arbitrary ancestor paths from encoding fragile file topology

warning: associated item `noncanonical_method` uses noncanonical restricted visibility `pub(in crate)`
  --> $DIR/semantic.rs:25:9
   |
LL |         pub(in crate) fn noncanonical_method(&self) {}
   |         ^^^^^^^^^^^^^ help: write the equivalent canonical `pub(crate)` visibility: `pub(crate)`
   |
   = note: a small visibility vocabulary makes module boundaries immediately comparable and prevents arbitrary ancestor paths from encoding fragile file topology

warning: function `in_self` uses noncanonical restricted visibility `pub(in self)`
  --> $DIR/semantic.rs:31:1
   |
LL | pub(in self) fn in_self() {}
   | ^^^^^^^^^^^^
   |
   = note: a small visibility vocabulary makes module boundaries immediately comparable and prevents arbitrary ancestor paths from encoding fragile file topology
help: remove the explicit self-only visibility and keep the declaration private
   |
LL - pub(in self) fn in_self() {}
LL + fn in_self() {}
   |

warning: 7 warnings emitted

