warning: manual conversion into `LoadError::Io` is derivable with thiserror
  --> $DIR/semantic.rs:11:1
   |
LL | / impl From<io::Error> for LoadError {
LL | |     fn from(source: io::Error) -> Self {
LL | |         Self::Io(source)
LL | |     }
LL | | }
   | |_^ this conversion is exact error-variant wrapping
   |
   = note: the implementation only wraps the source in the variant, duplicating thiserror's source and conversion policy
   = help: remove the implementation and mark the variant field `#[from]`
   = note: requested on the command line with `-W rlib::thiserror-manual-from-error-variants`

warning: manual conversion into `NamedLoadError::Io` is derivable with thiserror
  --> $DIR/semantic.rs:23:1
   |
LL | / impl From<io::Error> for NamedLoadError {
LL | |     fn from(source: io::Error) -> Self {
LL | |         Self::Io { source }
LL | |     }
LL | | }
   | |_^ this conversion is exact error-variant wrapping
   |
   = note: the implementation only wraps the source in the variant, duplicating thiserror's source and conversion policy
   = help: remove the implementation and mark the variant field `#[from]`

warning: manual conversion into `TransparentLoadError::Io` is derivable with thiserror
  --> $DIR/semantic.rs:35:1
   |
LL | / impl From<io::Error> for TransparentLoadError {
LL | |     fn from(source: io::Error) -> Self {
LL | |         Self::Io(source)
LL | |     }
LL | | }
   | |_^ this conversion is exact error-variant wrapping
   |
   = note: the implementation only wraps the source in the variant, duplicating thiserror's source and conversion policy
   = help: remove the implementation and mark the variant field `#[from]`

warning: 3 warnings emitted

