warning: this filter silently keeps the first value for each key
  --> $DIR/semantic.rs:8:42
   |
LL |     let _ = values.iter().filter(|value| seen.insert(**value));
   |                                          ^^^^^^^^^^^^^^^^^^^^
   |
   = help: collect by key and make the collision or merge policy explicit
note: the lint level is defined here
  --> $DIR/semantic.rs:1:9
   |
LL | #![warn(implicit_first_wins_deduplication)]
   |         ^^^^^^^^^^^^^^^^^^^^^^^^^^^^^^^^^

warning: this filter silently keeps the first value for each key
  --> $DIR/semantic.rs:14:9
   |
LL |         seen.insert(**value)
   |         ^^^^^^^^^^^^^^^^^^^^
   |
   = help: collect by key and make the collision or merge policy explicit

warning: 2 warnings emitted

