warning: this view region has direct complexity 5 without a section heading
  --> $DIR/semantic.rs:10:13
   |
LL | /             <header>"Account"</header>
LL | |             <nav>"Navigation"</nav>
LL | |             <section>"Summary"</section>
LL | |             <section>"Activity"</section>
LL | |             <footer>"Actions"</footer>
   | |______________________________________^ the first region starts without a heading
   |
   = note: unnamed visual and behavioral regions make a large declarative view difficult to scan
   = help: name the stable regions with concise `//` comments, or extract a component whose name carries the responsibility
   = note: requested on the command line with `-W rlib::leptos-missing-view-section-comments`

warning: this view region has direct complexity 5 without a section heading
  --> $DIR/semantic.rs:27:13
   |
LL | /             <header/>
LL | |             <nav/>
LL | |             <section/>
LL | |             <article/>
LL | |             <footer/>
   | |_____________________^ the first region starts without a heading
   |
   = note: unnamed visual and behavioral regions make a large declarative view difficult to scan
   = help: name the stable regions with concise `//` comments, or extract a component whose name carries the responsibility

warning: this view region has direct complexity 5 without a section heading
  --> $DIR/semantic.rs:39:13
   |
LL | /             <header/>
LL | |
LL | |             // Remaining content
LL | |             <nav/>
LL | |             <section/>
LL | |             <article/>
LL | |             <footer/>
   | |_____________________^ the first region starts without a heading
   |
   = note: unnamed visual and behavioral regions make a large declarative view difficult to scan
   = help: name the stable regions with concise `//` comments, or extract a component whose name carries the responsibility

warning: 3 warnings emitted

