warning: inherent impl items are not in dependency-first order
  --> $DIR/semantic.rs:12:5
   |
LL | /     fn render(&self) {
LL | |         self.prepare();
LL | |     }
   | |_____^ first item out of order
   |
   = note: expected item order: `Output`, `LIMIT`, `new`, `helper`, `prepare`, `render`
note: the lint level is defined here
  --> $DIR/semantic.rs:7:9
   |
LL | #![warn(enforce_inherent_impl_item_order)]
   |         ^^^^^^^^^^^^^^^^^^^^^^^^^^^^^^^^
help: reorder these associated items
   |
LL ~     type Output = Self;
LL |
LL ~     const LIMIT: usize = 4;
LL |
...
LL |
LL ~     fn helper() {}
LL |
LL ~     fn prepare(&self) {}
LL |
LL ~     fn render(&self) {
LL +         self.prepare();
LL +     }
   |

warning: 1 warning emitted

