warning: impl block for `Inherent` is not colocated with its definition
  --> $DIR/support/implementations.inc:3:1
   |
LL | impl owner::Inherent {}
   | ^^^^^^^^^^^^^^^^^^^^^^^ this impl is defined in `implementations.inc`
   |
  ::: $DIR/support/owner.inc:1:1
   |
LL | pub(crate) struct Inherent;
   | -------------------------- `Inherent` is defined in `owner.inc`
   |
   = note: understanding `Inherent` currently requires searching both `owner.inc` and `implementations.inc` for its behavior
   = help: move this complete impl block into `owner.inc` beside `Inherent`
   = note: `#[warn(cross_file_struct_impls)]` on by default

warning: impl block for `Traited` is not colocated with its definition
  --> $DIR/support/implementations.inc:5:1
   |
LL | impl Behavior for owner::Traited {}
   | ^^^^^^^^^^^^^^^^^^^^^^^^^^^^^^^^^^^ this impl is defined in `implementations.inc`
   |
  ::: $DIR/support/owner.inc:3:1
   |
LL | pub(crate) struct Traited;
   | ------------------------- `Traited` is defined in `owner.inc`
   |
   = note: understanding `Traited` currently requires searching both `owner.inc` and `implementations.inc` for its behavior
   = help: move this complete impl block into `owner.inc` beside `Traited`

warning: impl block for `Aliased` is not colocated with its definition
  --> $DIR/support/implementations.inc:7:1
   |
LL | impl owner::Alias {}
   | ^^^^^^^^^^^^^^^^^^^^ this impl is defined in `implementations.inc`
   |
  ::: $DIR/support/owner.inc:5:1
   |
LL | pub(crate) struct Aliased;
   | ------------------------- `Aliased` is defined in `owner.inc`
   |
   = note: understanding `Aliased` currently requires searching both `owner.inc` and `implementations.inc` for its behavior
   = help: move this complete impl block into `owner.inc` beside `Aliased`

warning: impl block for `Generic` is not colocated with its definition
  --> $DIR/support/implementations.inc:9:1
   |
LL | impl owner::Generic<u8> {}
   | ^^^^^^^^^^^^^^^^^^^^^^^^^^ this impl is defined in `implementations.inc`
   |
  ::: $DIR/support/owner.inc:9:1
   |
LL | pub(crate) struct Generic<T>(pub(crate) T);
   | ---------------------------- `Generic` is defined in `owner.inc`
   |
   = note: understanding `Generic` currently requires searching both `owner.inc` and `implementations.inc` for its behavior
   = help: move this complete impl block into `owner.inc` beside `Generic`

warning: impl block for `DuplicateName` is not colocated with its definition
  --> $DIR/support/right/model.inc:1:1
   |
LL | impl super::left_model::DuplicateName {}
   | ^^^^^^^^^^^^^^^^^^^^^^^^^^^^^^^^^^^^^^^^ this impl is defined in `right/model.inc`
   |
  ::: $DIR/support/left/model.inc:1:1
   |
LL | pub(crate) struct DuplicateName;
   | ------------------------------- `DuplicateName` is defined in `left/model.inc`
   |
   = note: understanding `DuplicateName` currently requires searching both `left/model.inc` and `right/model.inc` for its behavior
   = help: move this complete impl block into `left/model.inc` beside `DuplicateName`

warning: 5 warnings emitted

