warning: this use declaration reexports an item from a non-defining module
  --> $DIR/semantic.rs:15:1
   |
LL | pub use defining::PublicItem;
   | ^^^^^^^^^^^^^^^^^^^^^^^^^^^^^
   |
   = note: reexports obscure the item's canonical definition, create competing import paths, and make the exporting module appear to own an API defined elsewhere
   = help: import the item through its defining module; expose that module at the required visibility, or define a local wrapper that owns the abstraction
note: the lint level is defined here
  --> $DIR/semantic.rs:2:9
   |
LL | #![warn(non_defining_module_reexports)]
   |         ^^^^^^^^^^^^^^^^^^^^^^^^^^^^^

warning: this use declaration reexports an item from a non-defining module
  --> $DIR/semantic.rs:18:1
   |
LL | pub use defining::Choice::*;
   | ^^^^^^^^^^^^^^^^^^^^^^^^^^^^
   |
   = note: reexports obscure the item's canonical definition, create competing import paths, and make the exporting module appear to own an API defined elsewhere
   = help: import the item through its defining module; expose that module at the required visibility, or define a local wrapper that owns the abstraction

warning: this use declaration reexports an item from a non-defining module
  --> $DIR/semantic.rs:19:1
   |
LL | pub use std::fmt::Debug as ExternalDebug;
   | ^^^^^^^^^^^^^^^^^^^^^^^^^^^^^^^^^^^^^^^^^
   |
   = note: reexports obscure the item's canonical definition, create competing import paths, and make the exporting module appear to own an API defined elsewhere
   = help: import the item through its defining module; expose that module at the required visibility, or define a local wrapper that owns the abstraction

warning: this use declaration reexports an item from a non-defining module
  --> $DIR/semantic.rs:22:5
   |
LL |     pub(super) use crate::defining::ParentItem;
   |     ^^^^^^^^^^^^^^^^^^^^^^^^^^^^^^^^^^^^^^^^^^^
   |
   = note: reexports obscure the item's canonical definition, create competing import paths, and make the exporting module appear to own an API defined elsewhere
   = help: import the item through its defining module; expose that module at the required visibility, or define a local wrapper that owns the abstraction

warning: this use declaration reexports an item from a non-defining module
  --> $DIR/semantic.rs:23:5
   |
LL |     pub(crate) use crate::defining::CrateItem;
   |     ^^^^^^^^^^^^^^^^^^^^^^^^^^^^^^^^^^^^^^^^^^
   |
   = note: reexports obscure the item's canonical definition, create competing import paths, and make the exporting module appear to own an API defined elsewhere
   = help: import the item through its defining module; expose that module at the required visibility, or define a local wrapper that owns the abstraction

warning: this use declaration reexports an item from a non-defining module
  --> $DIR/semantic.rs:24:5
   |
LL |     pub(in crate) use crate::defining::RestrictedItem;
   |     ^^^^^^^^^^^^^^^^^^^^^^^^^^^^^^^^^^^^^^^^^^^^^^^^^^
   |
   = note: reexports obscure the item's canonical definition, create competing import paths, and make the exporting module appear to own an API defined elsewhere
   = help: import the item through its defining module; expose that module at the required visibility, or define a local wrapper that owns the abstraction

warning: this extern crate declaration reexports a dependency from a non-defining module
  --> $DIR/semantic.rs:32:1
   |
LL | pub extern crate core as exported_core;
   | ^^^^^^^^^^^^^^^^^^^^^^^^^^^^^^^^^^^^^^^
   |
   = note: reexports obscure the item's canonical definition, create competing import paths, and make the exporting module appear to own an API defined elsewhere
   = help: remove the outward visibility and have consumers depend on and import the external crate directly

warning: this use declaration reexports an item from a non-defining module
  --> $DIR/semantic.rs:36:9
   |
LL |         pub use defining::CrateItem as GeneratedItem;
   |         ^^^^^^^^^^^^^^^^^^^^^^^^^^^^^^^^^^^^^^^^^^^^^
...
LL | generated_reexport!();
   | --------------------- in this macro invocation
   |
   = note: reexports obscure the item's canonical definition, create competing import paths, and make the exporting module appear to own an API defined elsewhere
   = help: import the item through its defining module; expose that module at the required visibility, or define a local wrapper that owns the abstraction
   = note: this warning originates in the macro `generated_reexport` (in Nightly builds, run with -Z macro-backtrace for more info)

warning: 8 warnings emitted

