warning: this tuple struct has multiple positional fields
  --> $DIR/semantic.rs:6:1
   |
LL | struct Rename(Span, String);
   | ^^^^^^^^^^^^^^^^^^^^^^^^^^^^
   |
   = help: use record fields whose names explain each component's semantic role
note: the lint level is defined here
  --> $DIR/semantic.rs:1:9
   |
LL | #![warn(positional_aggregate_fields)]
   |         ^^^^^^^^^^^^^^^^^^^^^^^^^^^

warning: this tuple-like enum variant has multiple positional fields
  --> $DIR/semantic.rs:9:5
   |
LL |     Replacement(Span, String),
   |     ^^^^^^^^^^^^^^^^^^^^^^^^^
   |
   = help: use record fields whose names explain each component's semantic role

warning: 2 warnings emitted

