warning: `account_from_record` is a canonical-looking conversion from `Record` to `Account` outside `From`
  --> $DIR/semantic.rs:15:4
   |
LL | fn account_from_record(record: Record) -> Account {
   |    ^^^^^^^^^^^^^^^^^^^ -------------- the sole `Record` source reaches `Account` construction
   |
   = note: the `From` contract makes this conversion discoverable, usable through generic bounds, and available through its reciprocal standard conversion trait
   = help: implement `From<Record> for Account`; callers also receive `Into<Account> for Record`
note: the lint level is defined here
  --> $DIR/semantic.rs:1:9
   |
LL | #![warn(ad_hoc_conversions)]
   |         ^^^^^^^^^^^^^^^^^^

warning: `into_session` is a canonical-looking conversion from `Token` to `Session` outside `From`
  --> $DIR/semantic.rs:23:8
   |
LL |     fn into_session(self) -> Session {
   |        ^^^^^^^^^^^^ ---- the sole `Token` source reaches `Session` construction
   |
   = note: the `From` contract makes this conversion discoverable, usable through generic bounds, and available through its reciprocal standard conversion trait
   = help: implement `From<Token> for Session`; callers also receive `Into<Session> for Token`

warning: `packet_from_bytes` is a canonical-looking conversion from `Bytes` to `Packet` outside `TryFrom`
  --> $DIR/semantic.rs:31:4
   |
LL | fn packet_from_bytes(bytes: Bytes) -> Result<Packet, &'static str> {
   |    ^^^^^^^^^^^^^^^^^ ------------ the sole `Bytes` source reaches `Packet` construction
   |
   = note: the `TryFrom` contract makes this conversion discoverable, usable through generic bounds, and available through its reciprocal standard conversion trait
   = help: implement `TryFrom<Bytes> for Packet` with `Error = &'static str`; callers also receive `TryInto<Packet> for Bytes`

warning: `assemble` constructs `Destination` from one `Source` value through an ad hoc conversion API
  --> $DIR/semantic.rs:38:4
   |
LL | fn assemble(source: Source) -> Destination {
   |    ^^^^^^^^ -------------- the sole `Source` source reaches `Destination` construction
   |
   = note: the `From` contract makes this conversion discoverable, usable through generic bounds, and available through its reciprocal standard conversion trait
   = help: if this is canonical, implement `From<Source> for Destination`; callers also receive `Into<Destination> for Source`; otherwise retain a named API but make its format, policy, or required context explicit in the name or source wrapper

warning: `local_from_input` is a canonical-looking conversion from `remote::Input` to `Local` outside `From`
  --> $DIR/semantic.rs:49:4
   |
LL | fn local_from_input(input: remote::Input) -> Local {
   |    ^^^^^^^^^^^^^^^^ -------------------- the sole `remote::Input` source reaches `Local` construction
   |
   = note: the `From` contract makes this conversion discoverable, usable through generic bounds, and available through its reciprocal standard conversion trait
   = help: implement `From<remote::Input> for Local`; callers also receive `Into<Local> for remote::Input`

warning: `borrowed_from_str` is a canonical-looking conversion from `&str` to `Borrowed<'_>` outside `TryFrom`
  --> $DIR/semantic.rs:92:4
   |
LL | fn borrowed_from_str(source: &str) -> Result<Borrowed<'_>, ()> {
   |    ^^^^^^^^^^^^^^^^^ ------------ the sole `&str` source reaches `Borrowed<'_>` construction
   |
   = note: the `TryFrom` contract makes this conversion discoverable, usable through generic bounds, and available through its reciprocal standard conversion trait
   = help: implement `TryFrom<&str> for Borrowed<'_>` with `Error = ()`; callers also receive `TryInto<Borrowed<'_>> for &str`

warning: `early_target_from_source` is a canonical-looking conversion from `EarlySource` to `EarlyTarget` outside `From`
  --> $DIR/semantic.rs:134:4
   |
LL | fn early_target_from_source(source: EarlySource) -> EarlyTarget {
   |    ^^^^^^^^^^^^^^^^^^^^^^^^ ------------------- the sole `EarlySource` source reaches `EarlyTarget` construction
   |
   = note: the `From` contract makes this conversion discoverable, usable through generic bounds, and available through its reciprocal standard conversion trait
   = help: implement `From<EarlySource> for EarlyTarget`; callers also receive `Into<EarlyTarget> for EarlySource`

warning: 7 warnings emitted

