warning: this struct is missing documentation
  --> $DIR/semantic.rs:6:8
   |
LL | struct MissingStruct {
   |        ^^^^^^^^^^^^^
   |
   = note: without documentation, readers and agents must infer this struct's purpose, invariants, and contract from implementation details
   = help: document its purpose, contract, or semantic role
note: the lint level is defined here
  --> $DIR/semantic.rs:1:9
   |
LL | #![warn(rlib::undocumented_items)]
   |         ^^^^^^^^^^^^^^^^^^^^^^^^

warning: this field is missing documentation
  --> $DIR/semantic.rs:7:5
   |
LL |     missing_field: usize,
   |     ^^^^^^^^^^^^^
   |
   = note: without documentation, readers and agents must infer this field's purpose, invariants, and contract from implementation details
   = help: document its purpose, contract, or semantic role

warning: this enum is missing documentation
  --> $DIR/semantic.rs:10:6
   |
LL | enum MissingEnum {
   |      ^^^^^^^^^^^
   |
   = note: without documentation, readers and agents must infer this enum's purpose, invariants, and contract from implementation details
   = help: document its purpose, contract, or semantic role

warning: this enum variant is missing documentation
  --> $DIR/semantic.rs:11:5
   |
LL |     MissingVariant { missing_variant_field: usize },
   |     ^^^^^^^^^^^^^^
   |
   = note: without documentation, readers and agents must infer this enum variant's purpose, invariants, and contract from implementation details
   = help: document its purpose, contract, or semantic role

warning: this field is missing documentation
  --> $DIR/semantic.rs:11:22
   |
LL |     MissingVariant { missing_variant_field: usize },
   |                      ^^^^^^^^^^^^^^^^^^^^^
   |
   = note: without documentation, readers and agents must infer this field's purpose, invariants, and contract from implementation details
   = help: document its purpose, contract, or semantic role

warning: this trait is missing documentation
  --> $DIR/semantic.rs:14:7
   |
LL | trait MissingTrait {
   |       ^^^^^^^^^^^^
   |
   = note: without documentation, readers and agents must infer this trait's purpose, invariants, and contract from implementation details
   = help: document its purpose, contract, or semantic role

warning: this trait item is missing documentation
  --> $DIR/semantic.rs:15:8
   |
LL |     fn missing_trait_method(&self);
   |        ^^^^^^^^^^^^^^^^^^^^
   |
   = note: without documentation, readers and agents must infer this trait item's purpose, invariants, and contract from implementation details
   = help: document its purpose, contract, or semantic role

warning: this function is missing documentation
  --> $DIR/semantic.rs:18:4
   |
LL | fn missing_function() {}
   |    ^^^^^^^^^^^^^^^^
   |
   = note: without documentation, readers and agents must infer this function's purpose, invariants, and contract from implementation details
   = help: document its purpose, contract, or semantic role

warning: this struct is missing documentation
  --> $DIR/semantic.rs:21:8
   |
LL | struct HiddenMetadataIsNotDocumentation;
   |        ^^^^^^^^^^^^^^^^^^^^^^^^^^^^^^^^
   |
   = note: without documentation, readers and agents must infer this struct's purpose, invariants, and contract from implementation details
   = help: document its purpose, contract, or semantic role

warning: this inherent impl item is missing documentation
  --> $DIR/semantic.rs:30:8
   |
LL |     fn missing_method(&self) {}
   |        ^^^^^^^^^^^^^^
   |
   = note: without documentation, readers and agents must infer this inherent impl item's purpose, invariants, and contract from implementation details
   = help: document its purpose, contract, or semantic role

warning: this struct is missing documentation
  --> $DIR/semantic.rs:52:16
   |
LL |         struct LocalMacroItem;
   |                ^^^^^^^^^^^^^^
...
LL | local_undocumented_item!();
   | -------------------------- in this macro invocation
   |
   = note: without documentation, readers and agents must infer this struct's purpose, invariants, and contract from implementation details
   = help: document its purpose, contract, or semantic role
   = note: this warning originates in the macro `local_undocumented_item` (in Nightly builds, run with -Z macro-backtrace for more info)

warning: 11 warnings emitted

